Component: ARM Compiler 5.06 update 7 (build 960) Tool: armlink [4d3601]

==============================================================================

Section Cross References

    startup_stm32f427xx.o(RESET) refers to startup_stm32f427xx.o(STACK) for __initial_sp
    startup_stm32f427xx.o(RESET) refers to startup_stm32f427xx.o(.text) for Reset_Handler
    startup_stm32f427xx.o(RESET) refers to stm32f4xx_it.o(i.NMI_Handler) for NMI_Handler
    startup_stm32f427xx.o(RESET) refers to stm32f4xx_it.o(i.HardFault_Handler) for HardFault_Handler
    startup_stm32f427xx.o(RESET) refers to stm32f4xx_it.o(i.MemManage_Handler) for MemManage_Handler
    startup_stm32f427xx.o(RESET) refers to stm32f4xx_it.o(i.BusFault_Handler) for BusFault_Handler
    startup_stm32f427xx.o(RESET) refers to stm32f4xx_it.o(i.UsageFault_Handler) for UsageFault_Handler
    startup_stm32f427xx.o(RESET) refers to port.o(.emb_text) for SVC_Handler
    startup_stm32f427xx.o(RESET) refers to stm32f4xx_it.o(i.DebugMon_Handler) for DebugMon_Handler
    startup_stm32f427xx.o(RESET) refers to cmsis_os2.o(i.SysTick_Handler) for SysTick_Handler
    startup_stm32f427xx.o(RESET) refers to stm32f4xx_it.o(i.CAN1_RX0_IRQHandler) for CAN1_RX0_IRQHandler
    startup_stm32f427xx.o(RESET) refers to stm32f4xx_it.o(i.TIM1_UP_TIM10_IRQHandler) for TIM1_UP_TIM10_IRQHandler
    startup_stm32f427xx.o(RESET) refers to stm32f4xx_it.o(i.USART1_IRQHandler) for USART1_IRQHandler
    startup_stm32f427xx.o(RESET) refers to stm32f4xx_it.o(i.CAN2_RX0_IRQHandler) for CAN2_RX0_IRQHandler
    startup_stm32f427xx.o(.text) refers to system_stm32f4xx.o(i.SystemInit) for SystemInit
    startup_stm32f427xx.o(.text) refers to entry.o(.ARM.Collect$$$$00000000) for __main
    main.o(i.HAL_TIM_PeriodElapsedCallback) refers to stm32f4xx_hal.o(i.HAL_IncTick) for HAL_IncTick
    main.o(i.SystemClock_Config) refers to memseta.o(.text) for __aeabi_memclr4
    main.o(i.SystemClock_Config) refers to stm32f4xx_hal_rcc.o(i.HAL_RCC_OscConfig) for HAL_RCC_OscConfig
    main.o(i.SystemClock_Config) refers to stm32f4xx_hal_pwr_ex.o(i.HAL_PWREx_EnableOverDrive) for HAL_PWREx_EnableOverDrive
    main.o(i.SystemClock_Config) refers to stm32f4xx_hal_rcc.o(i.HAL_RCC_ClockConfig) for HAL_RCC_ClockConfig
    main.o(i.main) refers to stm32f4xx_hal.o(i.HAL_Init) for HAL_Init
    main.o(i.main) refers to main.o(i.SystemClock_Config) for SystemClock_Config
    main.o(i.main) refers to gpio.o(i.MX_GPIO_Init) for MX_GPIO_Init
    main.o(i.main) refers to usart.o(i.MX_USART1_UART_Init) for MX_USART1_UART_Init
    main.o(i.main) refers to can.o(i.MX_CAN1_Init) for MX_CAN1_Init
    main.o(i.main) refers to can.o(i.MX_CAN2_Init) for MX_CAN2_Init
    main.o(i.main) refers to bsp_can.o(i.can_filter_init) for can_filter_init
    main.o(i.main) refers to cmsis_os2.o(i.osKernelInitialize) for osKernelInitialize
    main.o(i.main) refers to freertos.o(i.MX_FREERTOS_Init) for MX_FREERTOS_Init
    main.o(i.main) refers to cmsis_os2.o(i.osKernelStart) for osKernelStart
    gpio.o(i.MX_GPIO_Init) refers to memseta.o(.text) for __aeabi_memclr4
    gpio.o(i.MX_GPIO_Init) refers to stm32f4xx_hal_gpio.o(i.HAL_GPIO_WritePin) for HAL_GPIO_WritePin
    gpio.o(i.MX_GPIO_Init) refers to stm32f4xx_hal_gpio.o(i.HAL_GPIO_Init) for HAL_GPIO_Init
    freertos.o(i.MX_FREERTOS_Init) refers to cmsis_os2.o(i.osThreadNew) for osThreadNew
    freertos.o(i.MX_FREERTOS_Init) refers to freertos.o(.constdata) for .constdata
    freertos.o(i.MX_FREERTOS_Init) refers to led.o(i.led_task_entry) for led_task_entry
    freertos.o(i.MX_FREERTOS_Init) refers to freertos.o(.data) for .data
    freertos.o(i.MX_FREERTOS_Init) refers to freertos.o(i.can_rx_task_entry) for can_rx_task_entry
    freertos.o(i.MX_FREERTOS_Init) refers to dbus_task.o(i.dbus_task_entry) for dbus_task_entry
    freertos.o(i.MX_FREERTOS_Init) refers to chasiss.o(i.chasiss_task_entry) for chasiss_task_entry
    freertos.o(i.MX_FREERTOS_Init) refers to freertos.o(i.gimbal_task_entry) for gimbal_task_entry
    freertos.o(i.can_rx_task_entry) refers to cmsis_os2.o(i.osDelay) for osDelay
    freertos.o(i.chasiss_task_entry) refers to cmsis_os2.o(i.osDelay) for osDelay
    freertos.o(i.dbus_task_entry) refers to cmsis_os2.o(i.osDelay) for osDelay
    freertos.o(i.gimbal_task_entry) refers to cmsis_os2.o(i.osDelay) for osDelay
    freertos.o(i.led_task_entry) refers to cmsis_os2.o(i.osDelay) for osDelay
    freertos.o(.constdata) refers to freertos.o(.conststring) for .conststring
    can.o(i.HAL_CAN_MspDeInit) refers to stm32f4xx_hal_gpio.o(i.HAL_GPIO_DeInit) for HAL_GPIO_DeInit
    can.o(i.HAL_CAN_MspDeInit) refers to stm32f4xx_hal_cortex.o(i.HAL_NVIC_DisableIRQ) for HAL_NVIC_DisableIRQ
    can.o(i.HAL_CAN_MspDeInit) refers to can.o(.data) for .data
    can.o(i.HAL_CAN_MspInit) refers to memseta.o(.text) for __aeabi_memclr4
    can.o(i.HAL_CAN_MspInit) refers to stm32f4xx_hal_gpio.o(i.HAL_GPIO_Init) for HAL_GPIO_Init
[...]
    .emb_text                                0x080001c4   Section      190  port.o(.emb_text)
    $v0                                      0x080001c4   Number         0  port.o(.emb_text)
    .text                                    0x08000284   Section       36  startup_stm32f427xx.o(.text)
    $v0                                      0x08000284   Number         0  startup_stm32f427xx.o(.text)
    .text                                    0x080002a8   Section        0  uldiv.o(.text)
    .text                                    0x0800030a   Section        0  memcpya.o(.text)
    .text                                    0x0800032e   Section        0  memseta.o(.text)
    .text                                    0x08000352   Section        0  llshl.o(.text)
    .text                                    0x08000370   Section        0  llushr.o(.text)
    .text                                    0x08000390   Section       36  init.o(.text)
    i.BusFault_Handler                       0x080003b4   Section        0  stm32f4xx_it.o(i.BusFault_Handler)
    i.CAN1_RX0_IRQHandler                    0x080003b8   Section        0  stm32f4xx_it.o(i.CAN1_RX0_IRQHandler)
    i.CAN2_RX0_IRQHandler                    0x080003c4   Section        0  stm32f4xx_it.o(i.CAN2_RX0_IRQHandler)
    i.CAN_cmd_chassis                        0x080003d0   Section        0  can_receive.o(i.CAN_cmd_chassis)
    i.DebugMon_Handler                       0x08000418   Section        0  stm32f4xx_it.o(i.DebugMon_Handler)
    i.Error_Handler                          0x0800041a   Section        0  main.o(i.Error_Handler)
    i.HAL_CAN_ActivateNotification           0x0800041e   Section        0  stm32f4xx_hal_can.o(i.HAL_CAN_ActivateNotification)
    i.HAL_CAN_AddTxMessage                   0x08000442   Section        0  stm32f4xx_hal_can.o(i.HAL_CAN_AddTxMessage)
    i.HAL_CAN_ConfigFilter                   0x08000520   Section        0  stm32f4xx_hal_can.o(i.HAL_CAN_ConfigFilter)
    i.HAL_CAN_ErrorCallback                  0x0800062c   Section        0  stm32f4xx_hal_can.o(i.HAL_CAN_ErrorCallback)
    i.HAL_CAN_GetRxMessage                   0x0800062e   Section        0  stm32f4xx_hal_can.o(i.HAL_CAN_GetRxMessage)
    i.HAL_CAN_IRQHandler                     0x08000716   Section        0  stm32f4xx_hal_can.o(i.HAL_CAN_IRQHandler)
    i.HAL_CAN_Init                           0x08000912   Section        0  stm32f4xx_hal_can.o(i.HAL_CAN_Init)
    i.HAL_CAN_MspInit                        0x08000a2c   Section        0  can.o(i.HAL_CAN_MspInit)
    i.HAL_CAN_RxFifo0FullCallback            0x08000b28   Section        0  stm32f4xx_hal_can.o(i.HAL_CAN_RxFifo0FullCallback)
    i.HAL_CAN_RxFifo0MsgPendingCallback      0x08000b2c   Section        0  can_receive.o(i.HAL_CAN_RxFifo0MsgPendingCallback)
    i.HAL_CAN_RxFifo1FullCallback            0x08000b88   Section        0  stm32f4xx_hal_can.o(i.HAL_CAN_RxFifo1FullCallback)
    i.HAL_CAN_RxFifo1MsgPendingCallback      0x08000b8a   Section        0  stm32f4xx_hal_can.o(i.HAL_CAN_RxFifo1MsgPendingCallback)
    i.HAL_CAN_SleepCallback                  0x08000b8c   Section        0  stm32f4xx_hal_can.o(i.HAL_CAN_SleepCallback)
    i.HAL_CAN_Start                          0x08000b90   Section        0  stm32f4xx_hal_can.o(i.HAL_CAN_Start)
    i.HAL_CAN_TxMailbox0AbortCallback        0x08000be8   Section        0  stm32f4xx_hal_can.o(i.HAL_CAN_TxMailbox0AbortCallback)
    i.HAL_CAN_TxMailbox0CompleteCallback     0x08000bea   Section        0  stm32f4xx_hal_can.o(i.HAL_CAN_TxMailbox0CompleteCallback)
    i.HAL_CAN_TxMailbox1AbortCallback        0x08000bec   Section        0  stm32f4xx_hal_can.o(i.HAL_CAN_TxMailbox1AbortCallback)
    i.HAL_CAN_TxMailbox1CompleteCallback     0x08000bee   Section        0  stm32f4xx_hal_can.o(i.HAL_CAN_TxMailbox1CompleteCallback)
    i.HAL_CAN_TxMailbox2AbortCallback        0x08000bf0   Section        0  stm32f4xx_hal_can.o(i.HAL_CAN_TxMailbox2AbortCallback)
    i.HAL_CAN_TxMailbox2CompleteCallback     0x08000bf2   Section        0  stm32f4xx_hal_can.o(i.HAL_CAN_TxMailbox2CompleteCallback)
    i.HAL_CAN_WakeUpFromRxMsgCallback        0x08000bf4   Section        0  stm32f4xx_hal_can.o(i.HAL_CAN_WakeUpFromRxMsgCallback)
    i.HAL_DMA_Abort                          0x08000bf6   Section        0  stm32f4xx_hal_dma.o(i.HAL_DMA_Abort)
    i.HAL_DMA_Abort_IT                       0x08000c88   Section        0  stm32f4xx_hal_dma.o(i.HAL_DMA_Abort_IT)
    i.HAL_GPIO_Init                          0x08000cac   Section        0  stm32f4xx_hal_gpio.o(i.HAL_GPIO_Init)
    i.HAL_GPIO_TogglePin                     0x08000ee0   Section        0  stm32f4xx_hal_gpio.o(i.HAL_GPIO_TogglePin)
    i.HAL_GPIO_WritePin                      0x08000ef0   Section        0  stm32f4xx_hal_gpio.o(i.HAL_GPIO_WritePin)
    i.HAL_GetTick                            0x08000efc   Section        0  stm32f4xx_hal.o(i.HAL_GetTick)
    i.HAL_IncTick                            0x08000f08   Section        0  stm32f4xx_hal.o(i.HAL_IncTick)
    i.HAL_Init                               0x08000f18   Section        0  stm32f4xx_hal.o(i.HAL_Init)
    i.HAL_InitTick                           0x08000f4c   Section        0  stm32f4xx_hal_timebase_tim.o(i.HAL_InitTick)
    i.HAL_MspInit                            0x08000fc0   Section        0  stm32f4xx_hal_msp.o(i.HAL_MspInit)
    i.HAL_NVIC_EnableIRQ                     0x08000ff8   Section        0  stm32f4xx_hal_cortex.o(i.HAL_NVIC_EnableIRQ)
    i.HAL_NVIC_SetPriority                   0x08001014   Section        0  stm32f4xx_hal_cortex.o(i.HAL_NVIC_SetPriority)
    i.HAL_NVIC_SetPriorityGrouping           0x08001054   Section        0  stm32f4xx_hal_cortex.o(i.HAL_NVIC_SetPriorityGrouping)
    i.HAL_PWREx_EnableOverDrive              0x08001078   Section        0  stm32f4xx_hal_pwr_ex.o(i.HAL_PWREx_EnableOverDrive)
    i.HAL_RCC_ClockConfig                    0x080010e8   Section        0  stm32f4xx_hal_rcc.o(i.HAL_RCC_ClockConfig)
    i.HAL_RCC_GetClockConfig                 0x0800121c   Section        0  stm32f4xx_hal_rcc.o(i.HAL_RCC_GetClockConfig)
    i.HAL_RCC_GetPCLK1Freq                   0x0800125c   Section        0  stm32f4xx_hal_rcc.o(i.HAL_RCC_GetPCLK1Freq)
    i.HAL_RCC_GetPCLK2Freq                   0x0800127c   Section        0  stm32f4xx_hal_rcc.o(i.HAL_RCC_GetPCLK2Freq)
    i.HAL_RCC_GetSysClockFreq                0x0800129c   Section        0  stm32f4xx_hal_rcc.o(i.HAL_RCC_GetSysClockFreq)
    i.HAL_RCC_OscConfig                      0x08001300   Section        0  stm32f4xx_hal_rcc.o(i.HAL_RCC_OscConfig)
    i.HAL_TIMEx_BreakCallback                0x0800166c   Section        0  stm32f4xx_hal_tim_ex.o(i.HAL_TIMEx_BreakCallback)
    i.HAL_TIMEx_CommutCallback               0x0800166e   Section        0  stm32f4xx_hal_tim_ex.o(i.HAL_TIMEx_CommutCallback)
    i.HAL_TIM_Base_Init                      0x08001670   Section        0  stm32f4xx_hal_tim.o(i.HAL_TIM_Base_Init)
    i.HAL_TIM_Base_MspInit                   0x080016ca   Section        0  stm32f4xx_hal_tim.o(i.HAL_TIM_Base_MspInit)
    i.HAL_TIM_Base_Start_IT                  0x080016cc   Section        0  stm32f4xx_hal_tim.o(i.HAL_TIM_Base_Start_IT)
    i.HAL_TIM_IC_CaptureCallback             0x0800174c   Section        0  stm32f4xx_hal_tim.o(i.HAL_TIM_IC_CaptureCallback)
    i.HAL_TIM_IRQHandler                     0x0800174e   Section        0  stm32f4xx_hal_tim.o(i.HAL_TIM_IRQHandler)
    i.HAL_TIM_OC_DelayElapsedCallback        0x080018b4   Section        0  stm32f4xx_hal_tim.o(i.HAL_TIM_OC_DelayElapsedCallback)
    i.HAL_TIM_PWM_PulseFinishedCallback      0x080018b6   Section        0  stm32f4xx_hal_tim.o(i.HAL_TIM_PWM_PulseFinishedCallback)
    i.HAL_TIM_PeriodElapsedCallback          0x080018b8   Section        0  main.o(i.HAL_TIM_PeriodElapsedCallback)
    i.HAL_TIM_TriggerCallback                0x080018cc   Section        0  stm32f4xx_hal_tim.o(i.HAL_TIM_TriggerCallback)
    i.HAL_UARTEx_RxEventCallback             0x080018ce   Section        0  stm32f4xx_hal_uart.o(i.HAL_UARTEx_RxEventCallback)
    i.HAL_UART_ErrorCallback                 0x080018d0   Section        0  stm32f4xx_hal_uart.o(i.HAL_UART_ErrorCallback)
    i.HAL_UART_IRQHandler                    0x080018d4   Section        0  stm32f4xx_hal_uart.o(i.HAL_UART_IRQHandler)
    i.HAL_UART_Init                          0x08001b3c   Section        0  stm32f4xx_hal_uart.o(i.HAL_UART_Init)
    i.HAL_UART_MspInit                       0x08001ba0   Section        0  usart.o(i.HAL_UART_MspInit)
    i.HAL_UART_Receive_IT                    0x08001c18   Section        0  stm32f4xx_hal_uart.o(i.HAL_UART_Receive_IT)
    i.HAL_UART_RxCpltCallback                0x08001c44   Section        0  usart.o(i.HAL_UART_RxCpltCallback)
    i.HAL_UART_TxCpltCallback                0x08001c84   Section        0  stm32f4xx_hal_uart.o(i.HAL_UART_TxCpltCallback)
    i.HardFault_Handler                      0x08001c86   Section        0  stm32f4xx_it.o(i.HardFault_Handler)
    i.MX_CAN1_Init                           0x08001c88   Section        0  can.o(i.MX_CAN1_Init)
    i.MX_CAN2_Init                           0x08001ccc   Section        0  can.o(i.MX_CAN2_Init)
    i.MX_FREERTOS_Init                       0x08001d08   Section        0  freertos.o(i.MX_FREERTOS_Init)
    i.MX_GPIO_Init                           0x08001d70   Section        0  gpio.o(i.MX_GPIO_Init)
    i.MX_USART1_UART_Init                    0x08001e34   Section        0  usart.o(i.MX_USART1_UART_Init)
    i.MemManage_Handler                      0x08001e78   Section        0  stm32f4xx_it.o(i.MemManage_Handler)
    i.NMI_Handler                            0x08001e7a   Section        0  stm32f4xx_it.o(i.NMI_Handler)
    i.PID_calc                               0x08001e7c   Section        0  pid.o(i.PID_calc)
    i.PID_init                               0x08001fa4   Section        0  pid.o(i.PID_init)
    i.SysTick_Handler                        0x08002000   Section        0  cmsis_os2.o(i.SysTick_Handler)
    i.SystemClock_Config                     0x0800201c   Section        0  main.o(i.SystemClock_Config)
    i.SystemInit                             0x080020bc   Section        0  system_stm32f4xx.o(i.SystemInit)
    i.TIM1_UP_TIM10_IRQHandler               0x080020cc   Section        0  stm32f4xx_it.o(i.TIM1_UP_TIM10_IRQHandler)
    i.TIM_Base_SetConfig                     0x080020d8   Section        0  stm32f4xx_hal_tim.o(i.TIM_Base_SetConfig)
    i.UART_DMAAbortOnError                   0x080021a0   Section        0  stm32f4xx_hal_uart.o(i.UART_DMAAbortOnError)
    UART_DMAAbortOnError                     0x080021a1   Thumb Code    16  stm32f4xx_hal_uart.o(i.UART_DMAAbortOnError)
    i.UART_EndRxTransfer                     0x080021b0   Section        0  stm32f4xx_hal_uart.o(i.UART_EndRxTransfer)
    UART_EndRxTransfer                       0x080021b1   Thumb Code    78  stm32f4xx_hal_uart.o(i.UART_EndRxTransfer)
    i.UART_Receive_IT                        0x080021fe   Section        0  stm32f4xx_hal_uart.o(i.UART_Receive_IT)
    UART_Receive_IT                          0x080021ff   Thumb Code   192  stm32f4xx_hal_uart.o(i.UART_Receive_IT)
    i.UART_SetConfig                         0x080022c0   Section        0  stm32f4xx_hal_uart.o(i.UART_SetConfig)
    UART_SetConfig                           0x080022c1   Thumb Code   258  stm32f4xx_hal_uart.o(i.UART_SetConfig)
    i.UART_Start_Receive_IT                  0x080023cc   Section        0  stm32f4xx_hal_uart.o(i.UART_Start_Receive_IT)
    i.USART1_IRQHandler                      0x08002404   Section        0  stm32f4xx_it.o(i.USART1_IRQHandler)
    i.UsageFault_Handler                     0x08002410   Section        0  stm32f4xx_it.o(i.UsageFault_Handler)
    i.__NVIC_SetPriority                     0x08002412   Section        0  stm32f4xx_hal_cortex.o(i.__NVIC_SetPriority)
    __NVIC_SetPriority                       0x08002413   Thumb Code    32  stm32f4xx_hal_cortex.o(i.__NVIC_SetPriority)
    i.__scatterload_copy                     0x08002432   Section       14  handlers.o(i.__scatterload_copy)
    i.__scatterload_null                     0x08002440   Section        2  handlers.o(i.__scatterload_null)
    i.__scatterload_zeroinit                 0x08002442   Section       14  handlers.o(i.__scatterload_zeroinit)
    i.can_filter_init                        0x08002450   Section        0  bsp_can.o(i.can_filter_init)
    i.can_rx_task_entry                      0x080024a8   Section        0  freertos.o(i.can_rx_task_entry)
    i.chasiss_task_entry                     0x080024b4   Section        0  chasiss.o(i.chasiss_task_entry)
    i.dbus_task_entry                        0x080025f0   Section        0  dbus_task.o(i.dbus_task_entry)
    i.get_chassis_motor_measure_point        0x08002624   Section        0  can_receive.o(i.get_chassis_motor_measure_point)
    i.get_switch                             0x08002638   Section        0  dbus_task.o(i.get_switch)
    i.gimbal_task_entry                      0x08002690   Section        0  freertos.o(i.gimbal_task_entry)
    i.led_task_entry                         0x0800269c   Section        0  led.o(i.led_task_entry)
    i.main                                   0x080026bc   Section        0  main.o(i.main)
    i.normal_sbus_to_rc                      0x080026e6   Section        0  remote_control.o(i.normal_sbus_to_rc)
    i.osDelay                                0x08002808   Section        0  cmsis_os2.o(i.osDelay)
    i.osKernelInitialize                     0x08002824   Section        0  cmsis_os2.o(i.osKernelInitialize)
    i.osKernelStart                          0x08002848   Section        0  cmsis_os2.o(i.osKernelStart)
    i.osThreadNew                            0x08002880   Section        0  cmsis_os2.o(i.osThreadNew)
    i.prvAddCurrentTaskToDelayedList         0x0800290c   Section        0  tasks.o(i.prvAddCurrentTaskToDelayedList)
    prvAddCurrentTaskToDelayedList           0x0800290d   Thumb Code    84  tasks.o(i.prvAddCurrentTaskToDelayedList)
    i.prvAddNewTaskToReadyList               0x08002968   Section        0  tasks.o(i.prvAddNewTaskToReadyList)
    prvAddNewTaskToReadyList                 0x08002969   Thumb Code   190  tasks.o(i.prvAddNewTaskToReadyList)
    i.prvCheckForValidListAndQueue           0x08002a38   Section        0  timers.o(i.prvCheckForValidListAndQueue)
    prvCheckForValidListAndQueue             0x08002a39   Thumb Code    72  timers.o(i.prvCheckForValidListAndQueue)
    i.prvCopyDataFromQueue                   0x08002a90   Section        0  queue.o(i.prvCopyDataFromQueue)
    prvCopyDataFromQueue                     0x08002a91   Thumb Code    38  queue.o(i.prvCopyDataFromQueue)
    i.prvCopyDataToQueue                     0x08002ab6   Section        0  queue.o(i.prvCopyDataToQueue)
    prvCopyDataToQueue                       0x08002ab7   Thumb Code   108  queue.o(i.prvCopyDataToQueue)
    i.prvDeleteTCB                           0x08002b22   Section        0  tasks.o(i.prvDeleteTCB)
    prvDeleteTCB                             0x08002b23   Thumb Code    52  tasks.o(i.prvDeleteTCB)
    i.prvHeapInit                            0x08002b58   Section        0  heap_4.o(i.prvHeapInit)
    prvHeapInit                              0x08002b59   Thumb Code    66  heap_4.o(i.prvHeapInit)
    i.prvIdleTask                            0x08002ba4   Section        0  tasks.o(i.prvIdleTask)
    prvIdleTask                              0x08002ba5   Thumb Code    82  tasks.o(i.prvIdleTask)
    i.prvInitialiseNewQueue                  0x08002c04   Section        0  queue.o(i.prvInitialiseNewQueue)
    prvInitialiseNewQueue                    0x08002c05   Thumb Code    34  queue.o(i.prvInitialiseNewQueue)
    i.prvInitialiseNewTask                   0x08002c28   Section        0  tasks.o(i.prvInitialiseNewTask)
    prvInitialiseNewTask                     0x08002c29   Thumb Code   176  tasks.o(i.prvInitialiseNewTask)
    i.prvInsertBlockIntoFreeList             0x08002cd8   Section        0  heap_4.o(i.prvInsertBlockIntoFreeList)
    prvInsertBlockIntoFreeList               0x08002cd9   Thumb Code    72  heap_4.o(i.prvInsertBlockIntoFreeList)
    i.prvInsertTimerInActiveList             0x08002d24   Section        0  timers.o(i.prvInsertTimerInActiveList)
    prvInsertTimerInActiveList               0x08002d25   Thumb Code    52  timers.o(i.prvInsertTimerInActiveList)
    i.prvIsQueueEmpty                        0x08002d5c   Section        0  queue.o(i.prvIsQueueEmpty)
    prvIsQueueEmpty                          0x08002d5d   Thumb Code    28  queue.o(i.prvIsQueueEmpty)
    i.prvProcessReceivedCommands             0x08002d78   Section        0  timers.o(i.prvProcessReceivedCommands)
    prvProcessReceivedCommands               0x08002d79   Thumb Code   248  timers.o(i.prvProcessReceivedCommands)
    i.prvProcessTimerOrBlockTask             0x08002e74   Section        0  timers.o(i.prvProcessTimerOrBlockTask)
    prvProcessTimerOrBlockTask               0x08002e75   Thumb Code   182  timers.o(i.prvProcessTimerOrBlockTask)
    i.prvResetNextTaskUnblockTime            0x08002f34   Section        0  tasks.o(i.prvResetNextTaskUnblockTime)
    prvResetNextTaskUnblockTime              0x08002f35   Thumb Code    26  tasks.o(i.prvResetNextTaskUnblockTime)
    i.prvSampleTimeNow                       0x08002f54   Section        0  timers.o(i.prvSampleTimeNow)
    prvSampleTimeNow                         0x08002f55   Thumb Code    36  timers.o(i.prvSampleTimeNow)
    i.prvSwitchTimerLists                    0x08002f7c   Section        0  timers.o(i.prvSwitchTimerLists)
    prvSwitchTimerLists                      0x08002f7d   Thumb Code   104  timers.o(i.prvSwitchTimerLists)
    i.prvTaskExitError                       0x08002fe8   Section        0  port.o(i.prvTaskExitError)
    prvTaskExitError                         0x08002fe9   Thumb Code    36  port.o(i.prvTaskExitError)
    i.prvTimerTask                           0x08003010   Section        0  timers.o(i.prvTimerTask)
    prvTimerTask                             0x08003011   Thumb Code    32  timers.o(i.prvTimerTask)
    i.prvUnlockQueue                         0x08003034   Section        0  queue.o(i.prvUnlockQueue)
    prvUnlockQueue                           0x08003035   Thumb Code   106  queue.o(i.prvUnlockQueue)
    i.pvPortMalloc                           0x080030a0   Section        0  heap_4.o(i.pvPortMalloc)
    i.pxPortInitialiseStack                  0x0800317c   Section        0  port.o(i.pxPortInitialiseStack)
    i.uxListRemove                           0x080031a8   Section        0  list.o(i.uxListRemove)
    i.vApplicationGetIdleTaskMemory          0x080031d0   Section        0  cmsis_os2.o(i.vApplicationGetIdleTaskMemory)
    i.vApplicationGetTimerTaskMemory         0x080031e4   Section        0  cmsis_os2.o(i.vApplicationGetTimerTaskMemory)
    i.vListInitialise                        0x080031fc   Section        0  list.o(i.vListInitialise)
    i.vListInitialiseItem                    0x08003212   Section        0  list.o(i.vListInitialiseItem)
    i.vListInsert                            0x08003218   Section        0  list.o(i.vListInsert)
    i.vListInsertEnd                         0x08003248   Section        0  list.o(i.vListInsertEnd)
    i.vPortEnterCritical                     0x08003260   Section        0  port.o(i.vPortEnterCritical)
    i.vPortExitCritical                      0x080032a0   Section        0  port.o(i.vPortExitCritical)
    i.vPortFree                              0x080032c8   Section        0  heap_4.o(i.vPortFree)
    i.vPortSetupTimerInterrupt               0x0800332c   Section        0  port.o(i.vPortSetupTimerInterrupt)
    i.vPortValidateInterruptPriority         0x08003350   Section        0  port.o(i.vPortValidateInterruptPriority)
    i.vQueueAddToRegistry                    0x080033a4   Section        0  queue.o(i.vQueueAddToRegistry)
    i.vQueueWaitForMessageRestricted         0x080033cc   Section        0  queue.o(i.vQueueWaitForMessageRestricted)
    i.vTaskDelay                             0x08003410   Section        0  tasks.o(i.vTaskDelay)
    i.vTaskInternalSetTimeOutState           0x0800345c   Section        0  tasks.o(i.vTaskInternalSetTimeOutState)
    i.vTaskMissedYield                       0x0800346c   Section        0  tasks.o(i.vTaskMissedYield)
    i.vTaskPlaceOnEventList                  0x08003478   Section        0  tasks.o(i.vTaskPlaceOnEventList)
    i.vTaskPlaceOnEventListRestricted        0x080034a8   Section        0  tasks.o(i.vTaskPlaceOnEventListRestricted)
    i.vTaskStartScheduler                    0x080034e0   Section        0  tasks.o(i.vTaskStartScheduler)
    i.vTaskSuspendAll                        0x08003568   Section        0  tasks.o(i.vTaskSuspendAll)
    i.vTaskSwitchContext                     0x08003578   Section        0  tasks.o(i.vTaskSwitchContext)
    i.xPortStartScheduler                    0x080035dc   Section        0  port.o(i.xPortStartScheduler)
    i.xPortSysTickHandler                    0x080036d0   Section        0  port.o(i.xPortSysTickHandler)
    i.xQueueGenericCreateStatic              0x080036fc   Section        0  queue.o(i.xQueueGenericCreateStatic)
    i.xQueueGenericReset                     0x08003764   Section        0  queue.o(i.xQueueGenericReset)
    i.xQueueGenericSend                      0x080037ec   Section        0  queue.o(i.xQueueGenericSend)
    i.xQueueGenericSendFromISR               0x0800394c   Section        0  queue.o(i.xQueueGenericSendFromISR)
    i.xQueueReceive                          0x08003a0c   Section        0  queue.o(i.xQueueReceive)
    i.xTaskCheckForTimeOut                   0x08003b44   Section        0  tasks.o(i.xTaskCheckForTimeOut)
    i.xTaskCreate                            0x08003bb8   Section        0  tasks.o(i.xTaskCreate)
    i.xTaskCreateStatic                      0x08003c12   Section        0  tasks.o(i.xTaskCreateStatic)
    i.xTaskGetSchedulerState                 0x08003c68   Section        0  tasks.o(i.xTaskGetSchedulerState)
    i.xTaskGetTickCount                      0x08003c84   Section        0  tasks.o(i.xTaskGetTickCount)
    i.xTaskIncrementTick                     0x08003c90   Section        0  tasks.o(i.xTaskIncrementTick)
    i.xTaskPriorityDisinherit                0x08003d58   Section        0  tasks.o(i.xTaskPriorityDisinherit)
    i.xTaskRemoveFromEventList               0x08003dd8   Section        0  tasks.o(i.xTaskRemoveFromEventList)
    i.xTaskResumeAll                         0x08003e48   Section        0  tasks.o(i.xTaskResumeAll)
    i.xTimerCreateTimerTask                  0x08003f0c   Section        0  timers.o(i.xTimerCreateTimerTask)
    i.xTimerGenericCommand                   0x08003f6c   Section        0  timers.o(i.xTimerGenericCommand)
    i.xyz_get                                0x08003fd4   Section        0  dbus_task.o(i.xyz_get)
    .constdata                               0x08004080   Section      180  freertos.o(.constdata)
    .constdata                               0x08004134   Section       16  system_stm32f4xx.o(.constdata)
    .constdata                               0x08004144   Section        8  system_stm32f4xx.o(.constdata)
    .constdata                               0x0800414c   Section       12  chasiss.o(.constdata)
    .conststring                             0x08004158   Section       64  freertos.o(.conststring)
    .data                                    0x20000000   Section       20  freertos.o(.data)
    .data                                    0x20000014   Section        4  can.o(.data)
    HAL_RCC_CAN1_CLK_ENABLED                 0x20000014   Data           4  can.o(.data)
    .data                                    0x20000018   Section       12  stm32f4xx_hal.o(.data)
    .data                                    0x20000024   Section        4  system_stm32f4xx.o(.data)
    .data                                    0x20000028   Section       60  tasks.o(.data)
    uxDeletedTasksWaitingCleanUp             0x2000002c   Data           4  tasks.o(.data)
    uxCurrentNumberOfTasks                   0x20000030   Data           4  tasks.o(.data)
    xTickCount                               0x20000034   Data           4  tasks.o(.data)
    uxTopReadyPriority                       0x20000038   Data           4  tasks.o(.data)
    xSchedulerRunning                        0x2000003c   Data           4  tasks.o(.data)
    xPendedTicks                             0x20000040   Data           4  tasks.o(.data)
    xYieldPending                            0x20000044   Data           4  tasks.o(.data)
    xNumOfOverflows                          0x20000048   Data           4  tasks.o(.data)
    uxTaskNumber                             0x2000004c   Data           4  tasks.o(.data)
    xNextTaskUnblockTime                     0x20000050   Data           4  tasks.o(.data)
    xIdleTaskHandle                          0x20000054   Data           4  tasks.o(.data)
    uxSchedulerSuspended                     0x20000058   Data           4  tasks.o(.data)
    pxDelayedTaskList                        0x2000005c   Data           4  tasks.o(.data)
    pxOverflowDelayedTaskList                0x20000060   Data           4  tasks.o(.data)
    .data                                    0x20000064   Section       20  timers.o(.data)
    xTimerQueue                              0x20000064   Data           4  timers.o(.data)
    xTimerTaskHandle                         0x20000068   Data           4  timers.o(.data)
    xLastTime                                0x2000006c   Data           4  timers.o(.data)
    pxCurrentTimerList                       0x20000070   Data           4  timers.o(.data)
    pxOverflowTimerList                      0x20000074   Data           4  timers.o(.data)
    .data                                    0x20000078   Section        4  cmsis_os2.o(.data)
    KernelState                              0x20000078   Data           4  cmsis_os2.o(.data)
    .data                                    0x2000007c   Section       32  heap_4.o(.data)
    pxEnd                                    0x2000007c   Data           4  heap_4.o(.data)
    xFreeBytesRemaining                      0x20000080   Data           4  heap_4.o(.data)
    xMinimumEverFreeBytesRemaining           0x20000084   Data           4  heap_4.o(.data)
    xNumberOfSuccessfulAllocations           0x20000088   Data           4  heap_4.o(.data)
    xNumberOfSuccessfulFrees                 0x2000008c   Data           4  heap_4.o(.data)
    xBlockAllocatedBit                       0x20000090   Data           4  heap_4.o(.data)
    xStart                                   0x20000094   Data           8  heap_4.o(.data)
    .data                                    0x2000009c   Section       12  port.o(.data)
    ucMaxSysCallPriority                     0x2000009c   Data           1  port.o(.data)
    uxCriticalNesting                        0x200000a0   Data           4  port.o(.data)
    ulMaxPRIGROUPValue                       0x200000a4   Data           4  port.o(.data)
    .data                                    0x200000a8   Section       17  can_receive.o(.data)
    i                                        0x200000a8   Data           1  can_receive.o(.data)
    gimbal_can_send_data                     0x200000a9   Data           8  can_receive.o(.data)
    chassis_can_send_data                    0x200000b1   Data           8  can_receive.o(.data)
    .data                                    0x200000bc   Section       24  chasiss.o(.data)
    .data                                    0x200000d4   Section        6  dbus_task.o(.data)
    .bss                                     0x200000dc   Section       80  can.o(.bss)
    .bss                                     0x2000012c   Section      152  usart.o(.bss)
    .bss                                     0x200001c4   Section       72  stm32f4xx_hal_timebase_tim.o(.bss)
    .bss                                     0x2000020c   Section       64  queue.o(.bss)
    .bss                                     0x2000024c   Section     1220  tasks.o(.bss)
    pxReadyTasksLists                        0x2000024c   Data        1120  tasks.o(.bss)
    xDelayedTaskList1                        0x200006ac   Data          20  tasks.o(.bss)
    xDelayedTaskList2                        0x200006c0   Data          20  tasks.o(.bss)
    xPendingReadyList                        0x200006d4   Data          20  tasks.o(.bss)
    xTasksWaitingTermination                 0x200006e8   Data          20  tasks.o(.bss)
    xSuspendedTaskList                       0x200006fc   Data          20  tasks.o(.bss)
    .bss                                     0x20000710   Section      280  timers.o(.bss)
    xStaticTimerQueue                        0x20000710   Data          80  timers.o(.bss)
    ucStaticTimerQueueStorage                0x20000760   Data         160  timers.o(.bss)
    xActiveTimerList1                        0x20000800   Data          20  timers.o(.bss)
    xActiveTimerList2                        0x20000814   Data          20  timers.o(.bss)
    .bss                                     0x20000828   Section     1720  cmsis_os2.o(.bss)
    Idle_TCB                                 0x20000828   Data          92  cmsis_os2.o(.bss)
    Idle_Stack                               0x20000884   Data         512  cmsis_os2.o(.bss)
    Timer_TCB                                0x20000a84   Data          92  cmsis_os2.o(.bss)
    Timer_Stack                              0x20000ae0   Data        1024  cmsis_os2.o(.bss)
    .bss                                     0x20000ee0   Section    15360  heap_4.o(.bss)
    ucHeap                                   0x20000ee0   Data       15360  heap_4.o(.bss)
    .bss                                     0x20004ae0   Section      120  can_receive.o(.bss)
    motor_chassis                            0x20004ae0   Data          70  can_receive.o(.bss)
    gimbal_tx_message                        0x20004b28   Data          24  can_receive.o(.bss)
    chassis_tx_message                       0x20004b40   Data          24  can_receive.o(.bss)
    .bss                                     0x20004b58   Section      288  chasiss.o(.bss)
    STACK                                    0x20004c78   Section     1024  startup_stm32f427xx.o(STACK)

    Global Symbols

    Symbol Name                              Value     Ov Type        Size  Object(Section)

    BuildAttributes$$THM_ISAv4$E$P$D$K$B$S$7EM$VFPi3$EXTD16$VFPS$VFMA$PE$A:L22UL41UL21$X:L11$S22US41US21$IEEE1$IW$USESV6$~STKCKD$USESV7$~SHL$OSPACE$EBA8$MICROLIB$REQ8$PRES8$EABIv2 0x00000000   Number         0  anon$$obj.o ABSOLUTE
    __ARM_use_no_argv                        0x00000000   Number         0  main.o ABSOLUTE
    __arm_fini_                               - Undefined Weak Reference
    __cpp_initialize__aeabi_                  - Undefined Weak Reference
    __cxa_finalize                            - Undefined Weak Reference
    __decompress                              - Undefined Weak Reference
    _clock_init                               - Undefined Weak Reference
    _microlib_exit                            - Undefined Weak Reference
    __Vectors_Size                           0x000001ac   Number         0  startup_stm32f427xx.o ABSOLUTE
    __Vectors                                0x08000000   Data           4  startup_stm32f427xx.o(RESET)
    __Vectors_End                            0x080001ac   Data           0  startup_stm32f427xx.o(RESET)
    __main                                   0x080001ad   Thumb Code     0  entry.o(.ARM.Collect$$$$00000000)
    _main_stk                                0x080001ad   Thumb Code     0  entry2.o(.ARM.Collect$$$$00000001)
    _main_scatterload                        0x080001b1   Thumb Code     0  entry5.o(.ARM.Collect$$$$00000004)
    __main_after_scatterload                 0x080001b5   Thumb Code     0  entry5.o(.ARM.Collect$$$$00000004)
    _main_clock                              0x080001b5   Thumb Code     0  entry7b.o(.ARM.Collect$$$$00000008)
    _main_cpp_init                           0x080001b5   Thumb Code     0  entry8b.o(.ARM.Collect$$$$0000000A)
    _main_init                               0x080001b5   Thumb Code     0  entry9a.o(.ARM.Collect$$$$0000000B)
    __rt_lib_shutdown_fini                   0x080001bd   Thumb Code     0  entry12b.o(.ARM.Collect$$$$0000000E)
    __rt_final_cpp                           0x080001c1   Thumb Code     0  entry10a.o(.ARM.Collect$$$$0000000F)
    __rt_final_exit                          0x080001c1   Thumb Code     0  entry11a.o(.ARM.Collect$$$$00000011)
    SVC_Handler                              0x080001c5   Thumb Code    28  port.o(.emb_text)
    __asm___6_port_c_39a90d8d__prvStartFirstTask 0x080001e5   Thumb Code    36  port.o(.emb_text)
    __asm___6_port_c_39a90d8d__prvEnableVFP  0x0800020d   Thumb Code    16  port.o(.emb_text)
    PendSV_Handler                           0x08000221   Thumb Code    88  port.o(.emb_text)
    vPortGetIPSR                             0x0800027d   Thumb Code     6  port.o(.emb_text)
    Reset_Handler                            0x08000285   Thumb Code     8  startup_stm32f427xx.o(.text)
    ADC_IRQHandler                           0x0800029f   Thumb Code     0  startup_stm32f427xx.o(.text)
    CAN1_RX1_IRQHandler                      0x0800029f   Thumb Code     0  startup_stm32f427xx.o(.text)
    CAN1_SCE_IRQHandler                      0x0800029f   Thumb Code     0  startup_stm32f427xx.o(.text)
    CAN1_TX_IRQHandler                       0x0800029f   Thumb Code     0  startup_stm32f427xx.o(.text)
    CAN2_RX1_IRQHandler                      0x0800029f   Thumb Code     0  startup_stm32f427xx.o(.text)
    CAN2_SCE_IRQHandler                      0x0800029f   Thumb Code     0  startup_stm32f427xx.o(.text)
    CAN2_TX_IRQHandler                       0x0800029f   Thumb Code     0  startup_stm32f427xx.o(.text)
    DCMI_IRQHandler                          0x0800029f   Thumb Code     0  startup_stm32f427xx.o(.text)
    DMA1_Stream0_IRQHandler                  0x0800029f   Thumb Code     0  startup_stm32f427xx.o(.text)
    DMA1_Stream1_IRQHandler                  0x0800029f   Thumb Code     0  startup_stm32f427xx.o(.text)
    DMA1_Stream2_IRQHandler                  0x0800029f   Thumb Code     0  startup_stm32f427xx.o(.text)
    DMA1_Stream3_IRQHandler                  0x0800029f   Thumb Code     0  startup_stm32f427xx.o(.text)
    DMA1_Stream4_IRQHandler                  0x0800029f   Thumb Code     0  startup_stm32f427xx.o(.text)
    DMA1_Stream5_IRQHandler                  0x0800029f   Thumb Code     0  startup_stm32f427xx.o(.text)
    DMA1_Stream6_IRQHandler                  0x0800029f   Thumb Code     0  startup_stm32f427xx.o(.text)
    DMA1_Stream7_IRQHandler                  0x0800029f   Thumb Code     0  startup_stm32f427xx.o(.text)
    DMA2D_IRQHandler                         0x0800029f   Thumb Code     0  startup_stm32f427xx.o(.text)
    DMA2_Stream0_IRQHandler                  0x0800029f   Thumb Code     0  startup_stm32f427xx.o(.text)
    DMA2_Stream1_IRQHandler                  0x0800029f   Thumb Code     0  startup_stm32f427xx.o(.text)
    DMA2_Stream2_IRQHandler                  0x0800029f   Thumb Code     0  startup_stm32f427xx.o(.text)
    DMA2_Stream3_IRQHandler                  0x0800029f   Thumb Code     0  startup_stm32f427xx.o(.text)
    DMA2_Stream4_IRQHandler                  0x0800029f   Thumb Code     0  startup_stm32f427xx.o(.text)
    DMA2_Stream5_IRQHandler                  0x0800029f   Thumb Code     0  startup_stm32f427xx.o(.text)
    DMA2_Stream6_IRQHandler                  0x0800029f   Thumb Code     0  startup_stm32f427xx.o(.text)
    DMA2_Stream7_IRQHandler                  0x0800029f   Thumb Code     0  startup_stm32f427xx.o(.text)
    ETH_IRQHandler                           0x0800029f   Thumb Code     0  startup_stm32f427xx.o(.text)
    ETH_WKUP_IRQHandler                      0x0800029f   Thumb Code     0  startup_stm32f427xx.o(.text)
    EXTI0_IRQHandler                         0x0800029f   Thumb Code     0  startup_stm32f427xx.o(.text)
    EXTI15_10_IRQHandler                     0x0800029f   Thumb Code     0  startup_stm32f427xx.o(.text)
    EXTI1_IRQHandler                         0x0800029f   Thumb Code     0  startup_stm32f427xx.o(.text)
    EXTI2_IRQHandler                         0x0800029f   Thumb Code     0  startup_stm32f427xx.o(.text)
    EXTI3_IRQHandler                         0x0800029f   Thumb Code     0  startup_stm32f427xx.o(.text)
    EXTI4_IRQHandler                         0x0800029f   Thumb Code     0  startup_stm32f427xx.o(.text)
    EXTI9_5_IRQHandler                       0x0800029f   Thumb Code     0  startup_stm32f427xx.o(.text)
    FLASH_IRQHandler                         0x0800029f   Thumb Code     0  startup_stm32f427xx.o(.text)
    FMC_IRQHandler                           0x0800029f   Thumb Code     0  startup_stm32f427xx.o(.text)
    FPU_IRQHandler                           0x0800029f   Thumb Code     0  startup_stm32f427xx.o(.text)
    HASH_RNG_IRQHandler                      0x0800029f   Thumb Code     0  startup_stm32f427xx.o(.text)
    I2C1_ER_IRQHandler                       0x0800029f   Thumb Code     0  startup_stm32f427xx.o(.text)
    I2C1_EV_IRQHandler                       0x0800029f   Thumb Code     0  startup_stm32f427xx.o(.text)
    I2C2_ER_IRQHandler                       0x0800029f   Thumb Code     0  startup_stm32f427xx.o(.text)
    I2C2_EV_IRQHandler                       0x0800029f   Thumb Code     0  startup_stm32f427xx.o(.text)
    I2C3_ER_IRQHandler                       0x0800029f   Thumb Code     0  startup_stm32f427xx.o(.text)
    I2C3_EV_IRQHandler                       0x0800029f   Thumb Code     0  startup_stm32f427xx.o(.text)
    OTG_FS_IRQHandler                        0x0800029f   Thumb Code     0  startup_stm32f427xx.o(.text)
    OTG_FS_WKUP_IRQHandler                   0x0800029f   Thumb Code     0  startup_stm32f427xx.o(.text)
    OTG_HS_EP1_IN_IRQHandler                 0x0800029f   Thumb Code     0  startup_stm32f427xx.o(.text)
    OTG_HS_EP1_OUT_IRQHandler                0x0800029f   Thumb Code     0  startup_stm32f427xx.o(.text)
    OTG_HS_IRQHandler                        0x0800029f   Thumb Code     0  startup_stm32f427xx.o(.text)
    OTG_HS_WKUP_IRQHandler                   0x0800029f   Thumb Code     0  startup_stm32f427xx.o(.text)
    PVD_IRQHandler                           0x0800029f   Thumb Code     0  startup_stm32f427xx.o(.text)
    RCC_IRQHandler                           0x0800029f   Thumb Code     0  startup_stm32f427xx.o(.text)
    RTC_Alarm_IRQHandler                     0x0800029f   Thumb Code     0  startup_stm32f427xx.o(.text)
    RTC_WKUP_IRQHandler                      0x0800029f   Thumb Code     0  startup_stm32f427xx.o(.text)
    SAI1_IRQHandler                          0x0800029f   Thumb Code     0  startup_stm32f427xx.o(.text)
    SDIO_IRQHandler                          0x0800029f   Thumb Code     0  startup_stm32f427xx.o(.text)
    SPI1_IRQHandler                          0x0800029f   Thumb Code     0  startup_stm32f427xx.o(.text)
    SPI2_IRQHandler                          0x0800029f   Thumb Code     0  startup_stm32f427xx.o(.text)
    SPI3_IRQHandler                          0x0800029f   Thumb Code     0  startup_stm32f427xx.o(.text)
    SPI4_IRQHandler                          0x0800029f   Thumb Code     0  startup_stm32f427xx.o(.text)
    SPI5_IRQHandler                          0x0800029f   Thumb Code     0  startup_stm32f427xx.o(.text)
    SPI6_IRQHandler                          0x0800029f   Thumb Code     0  startup_stm32f427xx.o(.text)
    TAMP_STAMP_IRQHandler                    0x0800029f   Thumb Code     0  startup_stm32f427xx.o(.text)
    TIM1_BRK_TIM9_IRQHandler                 0x0800029f   Thumb Code     0  startup_stm32f427xx.o(.text)
    TIM1_CC_IRQHandler                       0x0800029f   Thumb Code     0  startup_stm32f427xx.o(.text)
    TIM1_TRG_COM_TIM11_IRQHandler            0x0800029f   Thumb Code     0  startup_stm32f427xx.o(.text)
    TIM2_IRQHandler                          0x0800029f   Thumb Code     0  startup_stm32f427xx.o(.text)
    TIM3_IRQHandler                          0x0800029f   Thumb Code     0  startup_stm32f427xx.o(.text)
    TIM4_IRQHandler                          0x0800029f   Thumb Code     0  startup_stm32f427xx.o(.text)
    TIM5_IRQHandler                          0x0800029f   Thumb Code     0  startup_stm32f427xx.o(.text)
    TIM6_DAC_IRQHandler                      0x0800029f   Thumb Code     0  startup_stm32f427xx.o(.text)
    TIM7_IRQHandler                          0x0800029f   Thumb Code     0  startup_stm32f427xx.o(.text)
    TIM8_BRK_TIM12_IRQHandler                0x0800029f   Thumb Code     0  startup_stm32f427xx.o(.text)
    TIM8_CC_IRQHandler                       0x0800029f   Thumb Code     0  startup_stm32f427xx.o(.text)
    TIM8_TRG_COM_TIM14_IRQHandler            0x0800029f   Thumb Code     0  startup_stm32f427xx.o(.text)
    TIM8_UP_TIM13_IRQHandler                 0x0800029f   Thumb Code     0  startup_stm32f427xx.o(.text)
    UART4_IRQHandler                         0x0800029f   Thumb Code     0  startup_stm32f427xx.o(.text)
    UART5_IRQHandler                         0x0800029f   Thumb Code     0  startup_stm32f427xx.o(.text)
    UART7_IRQHandler                         0x0800029f   Thumb Code     0  startup_stm32f427xx.o(.text)
    UART8_IRQHandler                         0x0800029f   Thumb Code     0  startup_stm32f427xx.o(.text)
    USART2_IRQHandler                        0x0800029f   Thumb Code     0  startup_stm32f427xx.o(.text)
    USART3_IRQHandler                        0x0800029f   Thumb Code     0  startup_stm32f427xx.o(.text)
    USART6_IRQHandler                        0x0800029f   Thumb Code     0  startup_stm32f427xx.o(.text)
    WWDG_IRQHandler                          0x0800029f   Thumb Code     0  startup_stm32f427xx.o(.text)
    __aeabi_uldivmod                         0x080002a9   Thumb Code    98  uldiv.o(.text)
    __aeabi_memcpy                           0x0800030b   Thumb Code    36  memcpya.o(.text)
    __aeabi_memcpy4                          0x0800030b   Thumb Code     0  memcpya.o(.text)
    __aeabi_memcpy8                          0x0800030b   Thumb Code     0  memcpya.o(.text)
    __aeabi_memset                           0x0800032f   Thumb Code    14  memseta.o(.text)
    __aeabi_memset4                          0x0800032f   Thumb Code     0  memseta.o(.text)
    __aeabi_memset8                          0x0800032f   Thumb Code     0  memseta.o(.text)
    __aeabi_memclr                           0x0800033d   Thumb Code     4  memseta.o(.text)
    __aeabi_memclr4                          0x0800033d   Thumb Code     0  memseta.o(.text)
    __aeabi_memclr8                          0x0800033d   Thumb Code     0  memseta.o(.text)
    memset                                   0x08000341   Thumb Code    18  memseta.o(.text)
    __aeabi_llsl                             0x08000353   Thumb Code    30  llshl.o(.text)
    _ll_shift_l                              0x08000353   Thumb Code     0  llshl.o(.text)
    __aeabi_llsr                             0x08000371   Thumb Code    32  llushr.o(.text)
    _ll_ushift_r                             0x08000371   Thumb Code     0  llushr.o(.text)
    __scatterload                            0x08000391   Thumb Code    28  init.o(.text)
    __scatterload_rt2                        0x08000391   Thumb Code     0  init.o(.text)
    BusFault_Handler                         0x080003b5   Thumb Code     2  stm32f4xx_it.o(i.BusFault_Handler)
    CAN1_RX0_IRQHandler                      0x080003b9   Thumb Code     6  stm32f4xx_it.o(i.CAN1_RX0_IRQHandler)
    CAN2_RX0_IRQHandler                      0x080003c5   Thumb Code     6  stm32f4xx_it.o(i.CAN2_RX0_IRQHandler)
    CAN_cmd_chassis                          0x080003d1   Thumb Code    60  can_receive.o(i.CAN_cmd_chassis)
    DebugMon_Handler                         0x08000419   Thumb Code     2  stm32f4xx_it.o(i.DebugMon_Handler)
    Error_Handler                            0x0800041b   Thumb Code     4  main.o(i.Error_Handler)
    HAL_CAN_ActivateNotification             0x0800041f   Thumb Code    36  stm32f4xx_hal_can.o(i.HAL_CAN_ActivateNotification)
    HAL_CAN_AddTxMessage                     0x08000443   Thumb Code   220  stm32f4xx_hal_can.o(i.HAL_CAN_AddTxMessage)
    HAL_CAN_ConfigFilter                     0x08000521   Thumb Code   262  stm32f4xx_hal_can.o(i.HAL_CAN_ConfigFilter)
    HAL_CAN_ErrorCallback                    0x0800062d   Thumb Code     2  stm32f4xx_hal_can.o(i.HAL_CAN_ErrorCallback)
    HAL_CAN_GetRxMessage                     0x0800062f   Thumb Code   232  stm32f4xx_hal_can.o(i.HAL_CAN_GetRxMessage)
    HAL_CAN_IRQHandler                       0x08000717   Thumb Code   508  stm32f4xx_hal_can.o(i.HAL_CAN_IRQHandler)
    HAL_CAN_Init                             0x08000913   Thumb Code   282  stm32f4xx_hal_can.o(i.HAL_CAN_Init)
    HAL_CAN_MspInit                          0x08000a2d   Thumb Code   228  can.o(i.HAL_CAN_MspInit)
    HAL_CAN_RxFifo0FullCallback              0x08000b29   Thumb Code     2  stm32f4xx_hal_can.o(i.HAL_CAN_RxFifo0FullCallback)
    HAL_CAN_RxFifo0MsgPendingCallback        0x08000b2d   Thumb Code    82  can_receive.o(i.HAL_CAN_RxFifo0MsgPendingCallback)
    HAL_CAN_RxFifo1FullCallback              0x08000b89   Thumb Code     2  stm32f4xx_hal_can.o(i.HAL_CAN_RxFifo1FullCallback)
    HAL_CAN_RxFifo1MsgPendingCallback        0x08000b8b   Thumb Code     2  stm32f4xx_hal_can.o(i.HAL_CAN_RxFifo1MsgPendingCallback)
    HAL_CAN_SleepCallback                    0x08000b8d   Thumb Code     2  stm32f4xx_hal_can.o(i.HAL_CAN_SleepCallback)
    HAL_CAN_Start                            0x08000b91   Thumb Code    88  stm32f4xx_hal_can.o(i.HAL_CAN_Start)
    HAL_CAN_TxMailbox0AbortCallback          0x08000be9   Thumb Code     2  stm32f4xx_hal_can.o(i.HAL_CAN_TxMailbox0AbortCallback)
    HAL_CAN_TxMailbox0CompleteCallback       0x08000beb   Thumb Code     2  stm32f4xx_hal_can.o(i.HAL_CAN_TxMailbox0CompleteCallback)
    HAL_CAN_TxMailbox1AbortCallback          0x08000bed   Thumb Code     2  stm32f4xx_hal_can.o(i.HAL_CAN_TxMailbox1AbortCallback)
    HAL_CAN_TxMailbox1CompleteCallback       0x08000bef   Thumb Code     2  stm32f4xx_hal_can.o(i.HAL_CAN_TxMailbox1CompleteCallback)
    HAL_CAN_TxMailbox2AbortCallback          0x08000bf1   Thumb Code     2  stm32f4xx_hal_can.o(i.HAL_CAN_TxMailbox2AbortCallback)
    HAL_CAN_TxMailbox2CompleteCallback       0x08000bf3   Thumb Code     2  stm32f4xx_hal_can.o(i.HAL_CAN_TxMailbox2CompleteCallback)
    HAL_CAN_WakeUpFromRxMsgCallback          0x08000bf5   Thumb Code     2  stm32f4xx_hal_can.o(i.HAL_CAN_WakeUpFromRxMsgCallback)
    HAL_DMA_Abort                            0x08000bf7   Thumb Code   146  stm32f4xx_hal_dma.o(i.HAL_DMA_Abort)
    HAL_DMA_Abort_IT                         0x08000c89   Thumb Code    36  stm32f4xx_hal_dma.o(i.HAL_DMA_Abort_IT)
    HAL_GPIO_Init                            0x08000cad   Thumb Code   510  stm32f4xx_hal_gpio.o(i.HAL_GPIO_Init)
    HAL_GPIO_TogglePin                       0x08000ee1   Thumb Code    16  stm32f4xx_hal_gpio.o(i.HAL_GPIO_TogglePin)
    HAL_GPIO_WritePin                        0x08000ef1   Thumb Code    10  stm32f4xx_hal_gpio.o(i.HAL_GPIO_WritePin)
    HAL_GetTick                              0x08000efd   Thumb Code     6  stm32f4xx_hal.o(i.HAL_GetTick)
    HAL_IncTick                              0x08000f09   Thumb Code    12  stm32f4xx_hal.o(i.HAL_IncTick)
    HAL_Init                                 0x08000f19   Thumb Code    48  stm32f4xx_hal.o(i.HAL_Init)
    HAL_InitTick                             0x08000f4d   Thumb Code   100  stm32f4xx_hal_timebase_tim.o(i.HAL_InitTick)
    HAL_MspInit                              0x08000fc1   Thumb Code    52  stm32f4xx_hal_msp.o(i.HAL_MspInit)
    HAL_NVIC_EnableIRQ                       0x08000ff9   Thumb Code    26  stm32f4xx_hal_cortex.o(i.HAL_NVIC_EnableIRQ)
    HAL_NVIC_SetPriority                     0x08001015   Thumb Code    60  stm32f4xx_hal_cortex.o(i.HAL_NVIC_SetPriority)
    HAL_NVIC_SetPriorityGrouping             0x08001055   Thumb Code    26  stm32f4xx_hal_cortex.o(i.HAL_NVIC_SetPriorityGrouping)
    HAL_PWREx_EnableOverDrive                0x08001079   Thumb Code    98  stm32f4xx_hal_pwr_ex.o(i.HAL_PWREx_EnableOverDrive)
    HAL_RCC_ClockConfig                      0x080010e9   Thumb Code   288  stm32f4xx_hal_rcc.o(i.HAL_RCC_ClockConfig)
    HAL_RCC_GetClockConfig                   0x0800121d   Thumb Code    54  stm32f4xx_hal_rcc.o(i.HAL_RCC_GetClockConfig)
    HAL_RCC_GetPCLK1Freq                     0x0800125d   Thumb Code    20  stm32f4xx_hal_rcc.o(i.HAL_RCC_GetPCLK1Freq)
    HAL_RCC_GetPCLK2Freq                     0x0800127d   Thumb Code    20  stm32f4xx_hal_rcc.o(i.HAL_RCC_GetPCLK2Freq)
    HAL_RCC_GetSysClockFreq                  0x0800129d   Thumb Code    88  stm32f4xx_hal_rcc.o(i.HAL_RCC_GetSysClockFreq)
    HAL_RCC_OscConfig                        0x08001301   Thumb Code   856  stm32f4xx_hal_rcc.o(i.HAL_RCC_OscConfig)
    HAL_TIMEx_BreakCallback                  0x0800166d   Thumb Code     2  stm32f4xx_hal_tim_ex.o(i.HAL_TIMEx_BreakCallback)
    HAL_TIMEx_CommutCallback                 0x0800166f   Thumb Code     2  stm32f4xx_hal_tim_ex.o(i.HAL_TIMEx_CommutCallback)
    HAL_TIM_Base_Init                        0x08001671   Thumb Code    90  stm32f4xx_hal_tim.o(i.HAL_TIM_Base_Init)
    HAL_TIM_Base_MspInit                     0x080016cb   Thumb Code     2  stm32f4xx_hal_tim.o(i.HAL_TIM_Base_MspInit)
    HAL_TIM_Base_Start_IT                    0x080016cd   Thumb Code   100  stm32f4xx_hal_tim.o(i.HAL_TIM_Base_Start_IT)
    HAL_TIM_IC_CaptureCallback               0x0800174d   Thumb Code     2  stm32f4xx_hal_tim.o(i.HAL_TIM_IC_CaptureCallback)
    HAL_TIM_IRQHandler                       0x0800174f   Thumb Code   358  stm32f4xx_hal_tim.o(i.HAL_TIM_IRQHandler)
    HAL_TIM_OC_DelayElapsedCallback          0x080018b5   Thumb Code     2  stm32f4xx_hal_tim.o(i.HAL_TIM_OC_DelayElapsedCallback)
    HAL_TIM_PWM_PulseFinishedCallback        0x080018b7   Thumb Code     2  stm32f4xx_hal_tim.o(i.HAL_TIM_PWM_PulseFinishedCallback)
    HAL_TIM_PeriodElapsedCallback            0x080018b9   Thumb Code    14  main.o(i.HAL_TIM_PeriodElapsedCallback)
    HAL_TIM_TriggerCallback                  0x080018cd   Thumb Code     2  stm32f4xx_hal_tim.o(i.HAL_TIM_TriggerCallback)
    HAL_UARTEx_RxEventCallback               0x080018cf   Thumb Code     2  stm32f4xx_hal_uart.o(i.HAL_UARTEx_RxEventCallback)
    HAL_UART_ErrorCallback                   0x080018d1   Thumb Code     2  stm32f4xx_hal_uart.o(i.HAL_UART_ErrorCallback)
    HAL_UART_IRQHandler                      0x080018d5   Thumb Code   610  stm32f4xx_hal_uart.o(i.HAL_UART_IRQHandler)
    HAL_UART_Init                            0x08001b3d   Thumb Code    98  stm32f4xx_hal_uart.o(i.HAL_UART_Init)
    HAL_UART_MspInit                         0x08001ba1   Thumb Code   108  usart.o(i.HAL_UART_MspInit)
    HAL_UART_Receive_IT                      0x08001c19   Thumb Code    42  stm32f4xx_hal_uart.o(i.HAL_UART_Receive_IT)
    HAL_UART_RxCpltCallback                  0x08001c45   Thumb Code    54  usart.o(i.HAL_UART_RxCpltCallback)
    HAL_UART_TxCpltCallback                  0x08001c85   Thumb Code     2  stm32f4xx_hal_uart.o(i.HAL_UART_TxCpltCallback)
    HardFault_Handler                        0x08001c87   Thumb Code     2  stm32f4xx_it.o(i.HardFault_Handler)
    MX_CAN1_Init                             0x08001c89   Thumb Code    60  can.o(i.MX_CAN1_Init)
    MX_CAN2_Init                             0x08001ccd   Thumb Code    52  can.o(i.MX_CAN2_Init)
    MX_FREERTOS_Init                         0x08001d09   Thumb Code    74  freertos.o(i.MX_FREERTOS_Init)
    MX_GPIO_Init                             0x08001d71   Thumb Code   184  gpio.o(i.MX_GPIO_Init)
    MX_USART1_UART_Init                      0x08001e35   Thumb Code    54  usart.o(i.MX_USART1_UART_Init)
    MemManage_Handler                        0x08001e79   Thumb Code     2  stm32f4xx_it.o(i.MemManage_Handler)
    NMI_Handler                              0x08001e7b   Thumb Code     2  stm32f4xx_it.o(i.NMI_Handler)
    PID_calc                                 0x08001e7d   Thumb Code   292  pid.o(i.PID_calc)
    PID_init                                 0x08001fa5   Thumb Code    88  pid.o(i.PID_init)
    SysTick_Handler                          0x08002001   Thumb Code    26  cmsis_os2.o(i.SysTick_Handler)
    SystemClock_Config                       0x0800201d   Thumb Code   150  main.o(i.SystemClock_Config)
    SystemInit                               0x080020bd   Thumb Code    12  system_stm32f4xx.o(i.SystemInit)
    TIM1_UP_TIM10_IRQHandler                 0x080020cd   Thumb Code     6  stm32f4xx_it.o(i.TIM1_UP_TIM10_IRQHandler)
    TIM_Base_SetConfig                       0x080020d9   Thumb Code   156  stm32f4xx_hal_tim.o(i.TIM_Base_SetConfig)
    UART_Start_Receive_IT                    0x080023cd   Thumb Code    54  stm32f4xx_hal_uart.o(i.UART_Start_Receive_IT)
    USART1_IRQHandler                        0x08002405   Thumb Code     6  stm32f4xx_it.o(i.USART1_IRQHandler)
    UsageFault_Handler                       0x08002411   Thumb Code     2  stm32f4xx_it.o(i.UsageFault_Handler)
    __scatterload_copy                       0x08002433   Thumb Code    14  handlers.o(i.__scatterload_copy)
    __scatterload_null                       0x08002441   Thumb Code     2  handlers.o(i.__scatterload_null)
    __scatterload_zeroinit                   0x08002443   Thumb Code    14  handlers.o(i.__scatterload_zeroinit)
    can_filter_init                          0x08002451   Thumb Code    80  bsp_can.o(i.can_filter_init)
    can_rx_task_entry                        0x080024a9   Thumb Code    10  freertos.o(i.can_rx_task_entry)
    chasiss_task_entry                       0x080024b5   Thumb Code   296  chasiss.o(i.chasiss_task_entry)
    dbus_task_entry                          0x080025f1   Thumb Code    44  dbus_task.o(i.dbus_task_entry)
    get_chassis_motor_measure_point          0x08002625   Thumb Code    16  can_receive.o(i.get_chassis_motor_measure_point)
    get_switch                               0x08002639   Thumb Code    84  dbus_task.o(i.get_switch)
    gimbal_task_entry                        0x08002691   Thumb Code    10  freertos.o(i.gimbal_task_entry)
    led_task_entry                           0x0800269d   Thumb Code    26  led.o(i.led_task_entry)
    main                                     0x080026bd   Thumb Code    42  main.o(i.main)
    normal_sbus_to_rc                        0x080026e7   Thumb Code   290  remote_control.o(i.normal_sbus_to_rc)
    osDelay                                  0x08002809   Thumb Code    26  cmsis_os2.o(i.osDelay)
    osKernelInitialize                       0x08002825   Thumb Code    32  cmsis_os2.o(i.osKernelInitialize)
    osKernelStart                            0x08002849   Thumb Code    48  cmsis_os2.o(i.osKernelStart)
    osThreadNew                              0x08002881   Thumb Code   138  cmsis_os2.o(i.osThreadNew)
    pvPortMalloc                             0x080030a1   Thumb Code   216  heap_4.o(i.pvPortMalloc)
    pxPortInitialiseStack                    0x0800317d   Thumb Code    40  port.o(i.pxPortInitialiseStack)
    uxListRemove                             0x080031a9   Thumb Code    38  list.o(i.uxListRemove)
    vApplicationGetIdleTaskMemory            0x080031d1   Thumb Code    16  cmsis_os2.o(i.vApplicationGetIdleTaskMemory)
    vApplicationGetTimerTaskMemory           0x080031e5   Thumb Code    18  cmsis_os2.o(i.vApplicationGetTimerTaskMemory)
    vListInitialise                          0x080031fd   Thumb Code    22  list.o(i.vListInitialise)
    vListInitialiseItem                      0x08003213   Thumb Code     6  list.o(i.vListInitialiseItem)
    vListInsert                              0x08003219   Thumb Code    48  list.o(i.vListInsert)
    vListInsertEnd                           0x08003249   Thumb Code    24  list.o(i.vListInsertEnd)
    vPortEnterCritical                       0x08003261   Thumb Code    54  port.o(i.vPortEnterCritical)
    vPortExitCritical                        0x080032a1   Thumb Code    34  port.o(i.vPortExitCritical)
    vPortFree                                0x080032c9   Thumb Code    94  heap_4.o(i.vPortFree)
    vPortSetupTimerInterrupt                 0x0800332d   Thumb Code    32  port.o(i.vPortSetupTimerInterrupt)
    vPortValidateInterruptPriority           0x08003351   Thumb Code    74  port.o(i.vPortValidateInterruptPriority)
    vQueueAddToRegistry                      0x080033a5   Thumb Code    34  queue.o(i.vQueueAddToRegistry)
    vQueueWaitForMessageRestricted           0x080033cd   Thumb Code    68  queue.o(i.vQueueWaitForMessageRestricted)
    vTaskDelay                               0x08003411   Thumb Code    66  tasks.o(i.vTaskDelay)
    vTaskInternalSetTimeOutState             0x0800345d   Thumb Code    12  tasks.o(i.vTaskInternalSetTimeOutState)
    vTaskMissedYield                         0x0800346d   Thumb Code     8  tasks.o(i.vTaskMissedYield)
    vTaskPlaceOnEventList                    0x08003479   Thumb Code    44  tasks.o(i.vTaskPlaceOnEventList)
    vTaskPlaceOnEventListRestricted          0x080034a9   Thumb Code    52  tasks.o(i.vTaskPlaceOnEventListRestricted)
    vTaskStartScheduler                      0x080034e1   Thumb Code   118  tasks.o(i.vTaskStartScheduler)
    vTaskSuspendAll                          0x08003569   Thumb Code    10  tasks.o(i.vTaskSuspendAll)
    vTaskSwitchContext                       0x08003579   Thumb Code    90  tasks.o(i.vTaskSwitchContext)
    xPortStartScheduler                      0x080035dd   Thumb Code   222  port.o(i.xPortStartScheduler)
    xPortSysTickHandler                      0x080036d1   Thumb Code    38  port.o(i.xPortSysTickHandler)
    xQueueGenericCreateStatic                0x080036fd   Thumb Code   102  queue.o(i.xQueueGenericCreateStatic)
    xQueueGenericReset                       0x08003765   Thumb Code   132  queue.o(i.xQueueGenericReset)
    xQueueGenericSend                        0x080037ed   Thumb Code   346  queue.o(i.xQueueGenericSend)
    xQueueGenericSendFromISR                 0x0800394d   Thumb Code   190  queue.o(i.xQueueGenericSendFromISR)
    xQueueReceive                            0x08003a0d   Thumb Code   308  queue.o(i.xQueueReceive)
    xTaskCheckForTimeOut                     0x08003b45   Thumb Code   112  tasks.o(i.xTaskCheckForTimeOut)
    xTaskCreate                              0x08003bb9   Thumb Code    90  tasks.o(i.xTaskCreate)
    xTaskCreateStatic                        0x08003c13   Thumb Code    86  tasks.o(i.xTaskCreateStatic)
    xTaskGetSchedulerState                   0x08003c69   Thumb Code    22  tasks.o(i.xTaskGetSchedulerState)
    xTaskGetTickCount                        0x08003c85   Thumb Code     6  tasks.o(i.xTaskGetTickCount)
    xTaskIncrementTick                       0x08003c91   Thumb Code   192  tasks.o(i.xTaskIncrementTick)
    xTaskPriorityDisinherit                  0x08003d59   Thumb Code   118  tasks.o(i.xTaskPriorityDisinherit)
    xTaskRemoveFromEventList                 0x08003dd9   Thumb Code    98  tasks.o(i.xTaskRemoveFromEventList)
    xTaskResumeAll                           0x08003e49   Thumb Code   182  tasks.o(i.xTaskResumeAll)
    xTimerCreateTimerTask                    0x08003f0d   Thumb Code    78  timers.o(i.xTimerCreateTimerTask)
    xTimerGenericCommand                     0x08003f6d   Thumb Code    98  timers.o(i.xTimerGenericCommand)
    xyz_get                                  0x08003fd5   Thumb Code   164  dbus_task.o(i.xyz_get)
    led_task_attributes                      0x08004080   Data          36  freertos.o(.constdata)
    can_rx_task_attributes                   0x080040a4   Data          36  freertos.o(.constdata)
    dbus_task_attributes                     0x080040c8   Data          36  freertos.o(.constdata)
    chasiss_task_attributes                  0x080040ec   Data          36  freertos.o(.constdata)
    gimbal_task_attributes                   0x08004110   Data          36  freertos.o(.constdata)
    AHBPrescTable                            0x08004134   Data          16  system_stm32f4xx.o(.constdata)
    APBPrescTable                            0x08004144   Data           8  system_stm32f4xx.o(.constdata)
    PID                                      0x0800414c   Data          12  chasiss.o(.constdata)
    Region$$Table$$Base                      0x08004198   Number         0  anon$$obj.o(Region$$Table)
    Region$$Table$$Limit                     0x080041b8   Number         0  anon$$obj.o(Region$$Table)
    led_taskHandle                           0x20000000   Data           4  freertos.o(.data)
    can_rx_taskHandle                        0x20000004   Data           4  freertos.o(.data)
    dbus_taskHandle                          0x20000008   Data           4  freertos.o(.data)
    chasiss_taskHandle                       0x2000000c   Data           4  freertos.o(.data)
    gimbal_taskHandle                        0x20000010   Data           4  freertos.o(.data)
    uwTickFreq                               0x20000018   Data           1  stm32f4xx_hal.o(.data)
    uwTickPrio                               0x2000001c   Data           4  stm32f4xx_hal.o(.data)
    uwTick                                   0x20000020   Data           4  stm32f4xx_hal.o(.data)
    SystemCoreClock                          0x20000024   Data           4  system_stm32f4xx.o(.data)
    pxCurrentTCB                             0x20000028   Data           4  tasks.o(.data)
    motor_data0                              0x200000bc   Data           4  chasiss.o(.data)
    motor_data1                              0x200000c0   Data           4  chasiss.o(.data)
    motor_data2                              0x200000c4   Data           4  chasiss.o(.data)
    motor_data3                              0x200000c8   Data           4  chasiss.o(.data)
    wheel_speed                              0x200000cc   Data           8  chasiss.o(.data)
    cheche_data                              0x200000d4   Data           6  dbus_task.o(.data)
    hcan1                                    0x200000dc   Data          40  can.o(.bss)
    hcan2                                    0x20000104   Data          40  can.o(.bss)
    rc_ctrl                                  0x2000012c   Data          34  usart.o(.bss)
    buffer                                   0x2000014e   Data          50  usart.o(.bss)
    huart1                                   0x20000180   Data          68  usart.o(.bss)
    htim1                                    0x200001c4   Data          72  stm32f4xx_hal_timebase_tim.o(.bss)
    xQueueRegistry                           0x2000020c   Data          64  queue.o(.bss)
    motor_pid                                0x20004b58   Data         288  chasiss.o(.bss)
    __initial_sp                             0x20005078   Data           0  startup_stm32f427xx.o(STACK)



==============================================================================

Memory Map of the image

  Image Entry point : 0x080001ad

  Load Region LR_IROM1 (Base: 0x08000000, Size: 0x00004294, Max: 0x00200000, ABSOLUTE)

    Execution Region ER_IROM1 (Exec base: 0x08000000, Load base: 0x08000000, Size: 0x000041b8, Max: 0x00200000, ABSOLUTE)

    Exec Addr    Load Addr    Size         Type   Attr      Idx    E Section Name        Object

    0x08000000   0x08000000   0x000001ac   Data   RO            3    RESET               startup_stm32f427xx.o
    0x080001ac   0x080001ac   0x00000000   Code   RO         5612  * .ARM.Collect$$$$00000000  mc_w.l(entry.o)
    0x080001ac   0x080001ac   0x00000004   Code   RO         5625    .ARM.Collect$$$$00000001  mc_w.l(entry2.o)
    0x080001b0   0x080001b0   0x00000004   Code   RO         5628    .ARM.Collect$$$$00000004  mc_w.l(entry5.o)
    0x080001b4   0x080001b4   0x00000000   Code   RO         5630    .ARM.Collect$$$$00000008  mc_w.l(entry7b.o)
    0x080001b4   0x080001b4   0x00000000   Code   RO         5632    .ARM.Collect$$$$0000000A  mc_w.l(entry8b.o)
    0x080001b4   0x080001b4   0x00000008   Code   RO         5633    .ARM.Collect$$$$0000000B  mc_w.l(entry9a.o)
    0x080001bc   0x080001bc   0x00000004   Code   RO         5640    .ARM.Collect$$$$0000000E  mc_w.l(entry12b.o)
    0x080001c0   0x080001c0   0x00000000   Code   RO         5635    .ARM.Collect$$$$0000000F  mc_w.l(entry10a.o)
    0x080001c0   0x080001c0   0x00000000   Code   RO         5637    .ARM.Collect$$$$00000011  mc_w.l(entry11a.o)
    0x080001c0   0x080001c0   0x00000004   Code   RO         5626    .ARM.Collect$$$$00002712  mc_w.l(entry2.o)
    0x080001c4   0x080001c4   0x000000be   Code   RO         5188    .emb_text           port.o
    0x08000282   0x08000282   0x00000002   PAD
    0x08000284   0x08000284   0x00000024   Code   RO            4    .text               startup_stm32f427xx.o
    0x080002a8   0x080002a8   0x00000062   Code   RO         5615    .text               mc_w.l(uldiv.o)
    0x0800030a   0x0800030a   0x00000024   Code   RO         5617    .text               mc_w.l(memcpya.o)
    0x0800032e   0x0800032e   0x00000024   Code   RO         5621    .text               mc_w.l(memseta.o)
    0x08000352   0x08000352   0x0000001e   Code   RO         5641    .text               mc_w.l(llshl.o)
    0x08000370   0x08000370   0x00000020   Code   RO         5643    .text               mc_w.l(llushr.o)
    0x08000390   0x08000390   0x00000024   Code   RO         5645    .text               mc_w.l(init.o)
    0x080003b4   0x080003b4   0x00000002   Code   RO          549    i.BusFault_Handler  stm32f4xx_it.o
    0x080003b6   0x080003b6   0x00000002   PAD
    0x080003b8   0x080003b8   0x0000000c   Code   RO          550    i.CAN1_RX0_IRQHandler  stm32f4xx_it.o
    0x080003c4   0x080003c4   0x0000000c   Code   RO          551    i.CAN2_RX0_IRQHandler  stm32f4xx_it.o
    0x080003d0   0x080003d0   0x00000048   Code   RO         5377    i.CAN_cmd_chassis   can_receive.o
    0x08000418   0x08000418   0x00000002   Code   RO          552    i.DebugMon_Handler  stm32f4xx_it.o
    0x0800041a   0x0800041a   0x00000004   Code   RO           13    i.Error_Handler     main.o
    0x0800041e   0x0800041e   0x00000024   Code   RO          695    i.HAL_CAN_ActivateNotification  stm32f4xx_hal_can.o
    0x08000442   0x08000442   0x000000dc   Code   RO          696    i.HAL_CAN_AddTxMessage  stm32f4xx_hal_can.o
    0x0800051e   0x0800051e   0x00000002   PAD
    0x08000520   0x08000520   0x0000010c   Code   RO          697    i.HAL_CAN_ConfigFilter  stm32f4xx_hal_can.o
    0x0800062c   0x0800062c   0x00000002   Code   RO          700    i.HAL_CAN_ErrorCallback  stm32f4xx_hal_can.o
    0x0800062e   0x0800062e   0x000000e8   Code   RO          703    i.HAL_CAN_GetRxMessage  stm32f4xx_hal_can.o
    0x08000716   0x08000716   0x000001fc   Code   RO          707    i.HAL_CAN_IRQHandler  stm32f4xx_hal_can.o
    0x08000912   0x08000912   0x0000011a   Code   RO          708    i.HAL_CAN_Init      stm32f4xx_hal_can.o
    0x08000a2c   0x08000a2c   0x000000fc   Code   RO          453    i.HAL_CAN_MspInit   can.o
    0x08000b28   0x08000b28   0x00000002   Code   RO          715    i.HAL_CAN_RxFifo0FullCallback  stm32f4xx_hal_can.o
    0x08000b2a   0x08000b2a   0x00000002   PAD
    0x08000b2c   0x08000b2c   0x0000005c   Code   RO         5380    i.HAL_CAN_RxFifo0MsgPendingCallback  can_receive.o
    0x08000b88   0x08000b88   0x00000002   Code   RO          717    i.HAL_CAN_RxFifo1FullCallback  stm32f4xx_hal_can.o
    0x08000b8a   0x08000b8a   0x00000002   Code   RO          718    i.HAL_CAN_RxFifo1MsgPendingCallback  stm32f4xx_hal_can.o
    0x08000b8c   0x08000b8c   0x00000002   Code   RO          719    i.HAL_CAN_SleepCallback  stm32f4xx_hal_can.o
    0x08000b8e   0x08000b8e   0x00000002   PAD
    0x08000b90   0x08000b90   0x00000058   Code   RO          720    i.HAL_CAN_Start     stm32f4xx_hal_can.o
    0x08000be8   0x08000be8   0x00000002   Code   RO          722    i.HAL_CAN_TxMailbox0AbortCallback  stm32f4xx_hal_can.o
    0x08000bea   0x08000bea   0x00000002   Code   RO          723    i.HAL_CAN_TxMailbox0CompleteCallback  stm32f4xx_hal_can.o
    0x08000bec   0x08000bec   0x00000002   Code   RO          724    i.HAL_CAN_TxMailbox1AbortCallback  stm32f4xx_hal_can.o
    0x08000bee   0x08000bee   0x00000002   Code   RO          725    i.HAL_CAN_TxMailbox1CompleteCallback  stm32f4xx_hal_can.o
    0x08000bf0   0x08000bf0   0x00000002   Code   RO          726    i.HAL_CAN_TxMailbox2AbortCallback  stm32f4xx_hal_can.o
    0x08000bf2   0x08000bf2   0x00000002   Code   RO          727    i.HAL_CAN_TxMailbox2CompleteCallback  stm32f4xx_hal_can.o
    0x08000bf4   0x08000bf4   0x00000002   Code   RO          729    i.HAL_CAN_WakeUpFromRxMsgCallback  stm32f4xx_hal_can.o
    0x08000bf6   0x08000bf6   0x00000092   Code   RO         1442    i.HAL_DMA_Abort     stm32f4xx_hal_dma.o
    0x08000c88   0x08000c88   0x00000024   Code   RO         1443    i.HAL_DMA_Abort_IT  stm32f4xx_hal_dma.o
    0x08000cac   0x08000cac   0x00000234   Code   RO         1335    i.HAL_GPIO_Init     stm32f4xx_hal_gpio.o
    0x08000ee0   0x08000ee0   0x00000010   Code   RO         1338    i.HAL_GPIO_TogglePin  stm32f4xx_hal_gpio.o
    0x08000ef0   0x08000ef0   0x0000000a   Code   RO         1339    i.HAL_GPIO_WritePin  stm32f4xx_hal_gpio.o
    0x08000efa   0x08000efa   0x00000002   PAD
    0x08000efc   0x08000efc   0x0000000c   Code   RO         1887    i.HAL_GetTick       stm32f4xx_hal.o
    0x08000f08   0x08000f08   0x00000010   Code   RO         1893    i.HAL_IncTick       stm32f4xx_hal.o
    0x08000f18   0x08000f18   0x00000034   Code   RO         1894    i.HAL_Init          stm32f4xx_hal.o
    0x08000f4c   0x08000f4c   0x00000074   Code   RO          655    i.HAL_InitTick      stm32f4xx_hal_timebase_tim.o
    0x08000fc0   0x08000fc0   0x00000038   Code   RO          631    i.HAL_MspInit       stm32f4xx_hal_msp.o
    0x08000ff8   0x08000ff8   0x0000001a   Code   RO         1742    i.HAL_NVIC_EnableIRQ  stm32f4xx_hal_cortex.o
    0x08001012   0x08001012   0x00000002   PAD
    0x08001014   0x08001014   0x00000040   Code   RO         1748    i.HAL_NVIC_SetPriority  stm32f4xx_hal_cortex.o
    0x08001054   0x08001054   0x00000024   Code   RO         1749    i.HAL_NVIC_SetPriorityGrouping  stm32f4xx_hal_cortex.o
    0x08001078   0x08001078   0x00000070   Code   RO         1671    i.HAL_PWREx_EnableOverDrive  stm32f4xx_hal_pwr_ex.o
    0x080010e8   0x080010e8   0x00000134   Code   RO          929    i.HAL_RCC_ClockConfig  stm32f4xx_hal_rcc.o
    0x0800121c   0x0800121c   0x00000040   Code   RO          933    i.HAL_RCC_GetClockConfig  stm32f4xx_hal_rcc.o
    0x0800125c   0x0800125c   0x00000020   Code   RO          936    i.HAL_RCC_GetPCLK1Freq  stm32f4xx_hal_rcc.o
    0x0800127c   0x0800127c   0x00000020   Code   RO          937    i.HAL_RCC_GetPCLK2Freq  stm32f4xx_hal_rcc.o
    0x0800129c   0x0800129c   0x00000064   Code   RO          938    i.HAL_RCC_GetSysClockFreq  stm32f4xx_hal_rcc.o
    0x08001300   0x08001300   0x0000036c   Code   RO          941    i.HAL_RCC_OscConfig  stm32f4xx_hal_rcc.o
    0x0800166c   0x0800166c   0x00000002   Code   RO         2848    i.HAL_TIMEx_BreakCallback  stm32f4xx_hal_tim_ex.o
    0x0800166e   0x0800166e   0x00000002   Code   RO         2849    i.HAL_TIMEx_CommutCallback  stm32f4xx_hal_tim_ex.o
    0x08001670   0x08001670   0x0000005a   Code   RO         2144    i.HAL_TIM_Base_Init  stm32f4xx_hal_tim.o
    0x080016ca   0x080016ca   0x00000002   Code   RO         2146    i.HAL_TIM_Base_MspInit  stm32f4xx_hal_tim.o
    0x080016cc   0x080016cc   0x00000080   Code   RO         2149    i.HAL_TIM_Base_Start_IT  stm32f4xx_hal_tim.o
    0x0800174c   0x0800174c   0x00000002   Code   RO         2178    i.HAL_TIM_IC_CaptureCallback  stm32f4xx_hal_tim.o
    0x0800174e   0x0800174e   0x00000166   Code   RO         2192    i.HAL_TIM_IRQHandler  stm32f4xx_hal_tim.o
    0x080018b4   0x080018b4   0x00000002   Code   RO         2195    i.HAL_TIM_OC_DelayElapsedCallback  stm32f4xx_hal_tim.o
    0x080018b6   0x080018b6   0x00000002   Code   RO         2222    i.HAL_TIM_PWM_PulseFinishedCallback  stm32f4xx_hal_tim.o
    0x080018b8   0x080018b8   0x00000014   Code   RO           14    i.HAL_TIM_PeriodElapsedCallback  main.o
    0x080018cc   0x080018cc   0x00000002   Code   RO         2235    i.HAL_TIM_TriggerCallback  stm32f4xx_hal_tim.o
    0x080018ce   0x080018ce   0x00000002   Code   RO         3126    i.HAL_UARTEx_RxEventCallback  stm32f4xx_hal_uart.o
    0x080018d0   0x080018d0   0x00000002   Code   RO         3140    i.HAL_UART_ErrorCallback  stm32f4xx_hal_uart.o
    0x080018d2   0x080018d2   0x00000002   PAD
    0x080018d4   0x080018d4   0x00000268   Code   RO         3143    i.HAL_UART_IRQHandler  stm32f4xx_hal_uart.o
    0x08001b3c   0x08001b3c   0x00000062   Code   RO         3144    i.HAL_UART_Init     stm32f4xx_hal_uart.o
    0x08001b9e   0x08001b9e   0x00000002   PAD
    0x08001ba0   0x08001ba0   0x00000078   Code   RO          502    i.HAL_UART_MspInit  usart.o
    0x08001c18   0x08001c18   0x0000002a   Code   RO         3149    i.HAL_UART_Receive_IT  stm32f4xx_hal_uart.o
    0x08001c42   0x08001c42   0x00000002   PAD
    0x08001c44   0x08001c44   0x00000040   Code   RO          503    i.HAL_UART_RxCpltCallback  usart.o
    0x08001c84   0x08001c84   0x00000002   Code   RO         3155    i.HAL_UART_TxCpltCallback  stm32f4xx_hal_uart.o
    0x08001c86   0x08001c86   0x00000002   Code   RO          553    i.HardFault_Handler  stm32f4xx_it.o
    0x08001c88   0x08001c88   0x00000044   Code   RO          454    i.MX_CAN1_Init      can.o
    0x08001ccc   0x08001ccc   0x0000003c   Code   RO          455    i.MX_CAN2_Init      can.o
    0x08001d08   0x08001d08   0x00000068   Code   RO          370    i.MX_FREERTOS_Init  freertos.o
    0x08001d70   0x08001d70   0x000000c4   Code   RO          214    i.MX_GPIO_Init      gpio.o
    0x08001e34   0x08001e34   0x00000044   Code   RO          504    i.MX_USART1_UART_Init  usart.o
    0x08001e78   0x08001e78   0x00000002   Code   RO          554    i.MemManage_Handler  stm32f4xx_it.o
    0x08001e7a   0x08001e7a   0x00000002   Code   RO          555    i.NMI_Handler       stm32f4xx_it.o
    0x08001e7c   0x08001e7c   0x00000128   Code   RO         5447    i.PID_calc          pid.o
    0x08001fa4   0x08001fa4   0x0000005c   Code   RO         5449    i.PID_init          pid.o
    0x08002000   0x08002000   0x0000001a   Code   RO         4620    i.SysTick_Handler   cmsis_os2.o
    0x0800201a   0x0800201a   0x00000002   PAD
    0x0800201c   0x0800201c   0x000000a0   Code   RO           15    i.SystemClock_Config  main.o
    0x080020bc   0x080020bc   0x00000010   Code   RO         3473    i.SystemInit        system_stm32f4xx.o
    0x080020cc   0x080020cc   0x0000000c   Code   RO          556    i.TIM1_UP_TIM10_IRQHandler  stm32f4xx_it.o
    0x080020d8   0x080020d8   0x000000c8   Code   RO         2237    i.TIM_Base_SetConfig  stm32f4xx_hal_tim.o
    0x080021a0   0x080021a0   0x00000010   Code   RO         3157    i.UART_DMAAbortOnError  stm32f4xx_hal_uart.o
    0x080021b0   0x080021b0   0x0000004e   Code   RO         3167    i.UART_EndRxTransfer  stm32f4xx_hal_uart.o
    0x080021fe   0x080021fe   0x000000c0   Code   RO         3169    i.UART_Receive_IT   stm32f4xx_hal_uart.o
    0x080022be   0x080022be   0x00000002   PAD
    0x080022c0   0x080022c0   0x0000010c   Code   RO         3170    i.UART_SetConfig    stm32f4xx_hal_uart.o
    0x080023cc   0x080023cc   0x00000036   Code   RO         3172    i.UART_Start_Receive_IT  stm32f4xx_hal_uart.o
    0x08002402   0x08002402   0x00000002   PAD
    0x08002404   0x08002404   0x0000000c   Code   RO          557    i.USART1_IRQHandler  stm32f4xx_it.o
    0x08002410   0x08002410   0x00000002   Code   RO          558    i.UsageFault_Handler  stm32f4xx_it.o
    0x08002412   0x08002412   0x00000020   Code   RO         1755    i.__NVIC_SetPriority  stm32f4xx_hal_cortex.o
    0x08002432   0x08002432   0x0000000e   Code   RO         5649    i.__scatterload_copy  mc_w.l(handlers.o)
    0x08002440   0x08002440   0x00000002   Code   RO         5650    i.__scatterload_null  mc_w.l(handlers.o)
    0x08002442   0x08002442   0x0000000e   Code   RO         5651    i.__scatterload_zeroinit  mc_w.l(handlers.o)
    0x08002450   0x08002450   0x00000058   Code   RO         5268    i.can_filter_init   bsp_can.o
    0x080024a8   0x080024a8   0x0000000a   Code   RO          371    i.can_rx_task_entry  freertos.o
    0x080024b2   0x080024b2   0x00000002   PAD
    0x080024b4   0x080024b4   0x0000013c   Code   RO         5540    i.chasiss_task_entry  chasiss.o
    0x080025f0   0x080025f0   0x00000034   Code   RO         5572    i.dbus_task_entry   dbus_task.o
    0x08002624   0x08002624   0x00000014   Code   RO         5381    i.get_chassis_motor_measure_point  can_receive.o
    0x08002638   0x08002638   0x00000058   Code   RO         5573    i.get_switch        dbus_task.o
    0x08002690   0x08002690   0x0000000a   Code   RO          374    i.gimbal_task_entry  freertos.o
    0x0800269a   0x0800269a   0x00000002   PAD
    0x0800269c   0x0800269c   0x00000020   Code   RO         5513    i.led_task_entry    led.o
    0x080026bc   0x080026bc   0x0000002a   Code   RO           16    i.main              main.o
    0x080026e6   0x080026e6   0x00000122   Code   RO         5483    i.normal_sbus_to_rc  remote_control.o
    0x08002808   0x08002808   0x0000001a   Code   RO         4622    i.osDelay           cmsis_os2.o
    0x08002822   0x08002822   0x00000002   PAD
    0x08002824   0x08002824   0x00000024   Code   RO         4636    i.osKernelInitialize  cmsis_os2.o
    0x08002848   0x08002848   0x00000038   Code   RO         4639    i.osKernelStart     cmsis_os2.o
    0x08002880   0x08002880   0x0000008a   Code   RO         4681    i.osThreadNew       cmsis_os2.o
    0x0800290a   0x0800290a   0x00000002   PAD
    0x0800290c   0x0800290c   0x0000005c   Code   RO         4081    i.prvAddCurrentTaskToDelayedList  tasks.o
    0x08002968   0x08002968   0x000000d0   Code   RO         4082    i.prvAddNewTaskToReadyList  tasks.o
    0x08002a38   0x08002a38   0x00000058   Code   RO         4446    i.prvCheckForValidListAndQueue  timers.o
    0x08002a90   0x08002a90   0x00000026   Code   RO         3678    i.prvCopyDataFromQueue  queue.o
    0x08002ab6   0x08002ab6   0x0000006c   Code   RO         3679    i.prvCopyDataToQueue  queue.o
    0x08002b22   0x08002b22   0x00000034   Code   RO         4083    i.prvDeleteTCB      tasks.o
    0x08002b56   0x08002b56   0x00000002   PAD
    0x08002b58   0x08002b58   0x0000004c   Code   RO         5133    i.prvHeapInit       heap_4.o
    0x08002ba4   0x08002ba4   0x00000060   Code   RO         4084    i.prvIdleTask       tasks.o
    0x08002c04   0x08002c04   0x00000022   Code   RO         3681    i.prvInitialiseNewQueue  queue.o
    0x08002c26   0x08002c26   0x00000002   PAD
    0x08002c28   0x08002c28   0x000000b0   Code   RO         4085    i.prvInitialiseNewTask  tasks.o
    0x08002cd8   0x08002cd8   0x0000004c   Code   RO         5134    i.prvInsertBlockIntoFreeList  heap_4.o
    0x08002d24   0x08002d24   0x00000038   Code   RO         4448    i.prvInsertTimerInActiveList  timers.o
    0x08002d5c   0x08002d5c   0x0000001c   Code   RO         3682    i.prvIsQueueEmpty   queue.o
    0x08002d78   0x08002d78   0x000000fc   Code   RO         4449    i.prvProcessReceivedCommands  timers.o
    0x08002e74   0x08002e74   0x000000c0   Code   RO         4450    i.prvProcessTimerOrBlockTask  timers.o
    0x08002f34   0x08002f34   0x00000020   Code   RO         4087    i.prvResetNextTaskUnblockTime  tasks.o
    0x08002f54   0x08002f54   0x00000028   Code   RO         4451    i.prvSampleTimeNow  timers.o
    0x08002f7c   0x08002f7c   0x0000006c   Code   RO         4452    i.prvSwitchTimerLists  timers.o
    0x08002fe8   0x08002fe8   0x00000028   Code   RO         5189    i.prvTaskExitError  port.o
    0x08003010   0x08003010   0x00000024   Code   RO         4453    i.prvTimerTask      timers.o
    0x08003034   0x08003034   0x0000006a   Code   RO         3683    i.prvUnlockQueue    queue.o
    0x0800309e   0x0800309e   0x00000002   PAD
    0x080030a0   0x080030a0   0x000000dc   Code   RO         5135    i.pvPortMalloc      heap_4.o
    0x0800317c   0x0800317c   0x0000002c   Code   RO         5190    i.pxPortInitialiseStack  port.o
    0x080031a8   0x080031a8   0x00000026   Code   RO         3638    i.uxListRemove      list.o
    0x080031ce   0x080031ce   0x00000002   PAD
    0x080031d0   0x080031d0   0x00000014   Code   RO         4693    i.vApplicationGetIdleTaskMemory  cmsis_os2.o
    0x080031e4   0x080031e4   0x00000018   Code   RO         4694    i.vApplicationGetTimerTaskMemory  cmsis_os2.o
    0x080031fc   0x080031fc   0x00000016   Code   RO         3639    i.vListInitialise   list.o
    0x08003212   0x08003212   0x00000006   Code   RO         3640    i.vListInitialiseItem  list.o
    0x08003218   0x08003218   0x00000030   Code   RO         3641    i.vListInsert       list.o
    0x08003248   0x08003248   0x00000018   Code   RO         3642    i.vListInsertEnd    list.o
    0x08003260   0x08003260   0x00000040   Code   RO         5192    i.vPortEnterCritical  port.o
    0x080032a0   0x080032a0   0x00000028   Code   RO         5193    i.vPortExitCritical  port.o
    0x080032c8   0x080032c8   0x00000064   Code   RO         5136    i.vPortFree         heap_4.o
    0x0800332c   0x0800332c   0x00000024   Code   RO         5194    i.vPortSetupTimerInterrupt  port.o
    0x08003350   0x08003350   0x00000054   Code   RO         5195    i.vPortValidateInterruptPriority  port.o
    0x080033a4   0x080033a4   0x00000028   Code   RO         3689    i.vQueueAddToRegistry  queue.o
    0x080033cc   0x080033cc   0x00000044   Code   RO         3693    i.vQueueWaitForMessageRestricted  queue.o
    0x08003410   0x08003410   0x0000004c   Code   RO         4100    i.vTaskDelay        tasks.o
    0x0800345c   0x0800345c   0x00000010   Code   RO         4105    i.vTaskInternalSetTimeOutState  tasks.o
    0x0800346c   0x0800346c   0x0000000c   Code   RO         4106    i.vTaskMissedYield  tasks.o
    0x08003478   0x08003478   0x00000030   Code   RO         4108    i.vTaskPlaceOnEventList  tasks.o
    0x080034a8   0x080034a8   0x00000038   Code   RO         4109    i.vTaskPlaceOnEventListRestricted  tasks.o
    0x080034e0   0x080034e0   0x00000088   Code   RO         4117    i.vTaskStartScheduler  tasks.o
    0x08003568   0x08003568   0x00000010   Code   RO         4119    i.vTaskSuspendAll   tasks.o
    0x08003578   0x08003578   0x00000064   Code   RO         4120    i.vTaskSwitchContext  tasks.o
    0x080035dc   0x080035dc   0x000000f4   Code   RO         5196    i.xPortStartScheduler  port.o
    0x080036d0   0x080036d0   0x0000002c   Code   RO         5197    i.xPortSysTickHandler  port.o
    0x080036fc   0x080036fc   0x00000066   Code   RO         3699    i.xQueueGenericCreateStatic  queue.o
    0x08003762   0x08003762   0x00000002   PAD
    0x08003764   0x08003764   0x00000088   Code   RO         3700    i.xQueueGenericReset  queue.o
    0x080037ec   0x080037ec   0x00000160   Code   RO         3701    i.xQueueGenericSend  queue.o
    0x0800394c   0x0800394c   0x000000be   Code   RO         3702    i.xQueueGenericSendFromISR  queue.o
    0x08003a0a   0x08003a0a   0x00000002   PAD
    0x08003a0c   0x08003a0c   0x00000138   Code   RO         3711    i.xQueueReceive     queue.o
    0x08003b44   0x08003b44   0x00000074   Code   RO         4122    i.xTaskCheckForTimeOut  tasks.o
    0x08003bb8   0x08003bb8   0x0000005a   Code   RO         4123    i.xTaskCreate       tasks.o
    0x08003c12   0x08003c12   0x00000056   Code   RO         4124    i.xTaskCreateStatic  tasks.o
    0x08003c68   0x08003c68   0x0000001c   Code   RO         4128    i.xTaskGetSchedulerState  tasks.o
    0x08003c84   0x08003c84   0x0000000c   Code   RO         4129    i.xTaskGetTickCount  tasks.o
    0x08003c90   0x08003c90   0x000000c8   Code   RO         4131    i.xTaskIncrementTick  tasks.o
    0x08003d58   0x08003d58   0x00000080   Code   RO         4134    i.xTaskPriorityDisinherit  tasks.o
    0x08003dd8   0x08003dd8   0x00000070   Code   RO         4136    i.xTaskRemoveFromEventList  tasks.o
    0x08003e48   0x08003e48   0x000000c4   Code   RO         4137    i.xTaskResumeAll    tasks.o
    0x08003f0c   0x08003f0c   0x00000060   Code   RO         4462    i.xTimerCreateTimerTask  timers.o
    0x08003f6c   0x08003f6c   0x00000068   Code   RO         4463    i.xTimerGenericCommand  timers.o
    0x08003fd4   0x08003fd4   0x000000ac   Code   RO         5574    i.xyz_get           dbus_task.o
    0x08004080   0x08004080   0x000000b4   Data   RO          376    .constdata          freertos.o
    0x08004134   0x08004134   0x00000010   Data   RO         3474    .constdata          system_stm32f4xx.o
    0x08004144   0x08004144   0x00000008   Data   RO         3475    .constdata          system_stm32f4xx.o
    0x0800414c   0x0800414c   0x0000000c   Data   RO         5542    .constdata          chasiss.o
    0x08004158   0x08004158   0x00000040   Data   RO          377    .conststring        freertos.o
    0x08004198   0x08004198   0x00000020   Data   RO         5647    Region$$Table       anon$$obj.o


    Execution Region RW_IRAM2 (Exec base: 0x10000000, Load base: 0x08004294, Size: 0x00000000, Max: 0x00010000, ABSOLUTE)

    **** No section assigned to this execution region ****


    Execution Region RW_IRAM1 (Exec base: 0x20000000, Load base: 0x080041b8, Size: 0x00005078, Max: 0x00030000, ABSOLUTE)

    Exec Addr    Load Addr    Size         Type   Attr      Idx    E Section Name        Object

    0x20000000   0x080041b8   0x00000014   Data   RW          378    .data               freertos.o
    0x20000014   0x080041cc   0x00000004   Data   RW          457    .data               can.o
    0x20000018   0x080041d0   0x0000000c   Data   RW         1901    .data               stm32f4xx_hal.o
    0x20000024   0x080041dc   0x00000004   Data   RW         3476    .data               system_stm32f4xx.o
    0x20000028   0x080041e0   0x0000003c   Data   RW         4140    .data               tasks.o
    0x20000064   0x0800421c   0x00000014   Data   RW         4471    .data               timers.o
    0x20000078   0x08004230   0x00000004   Data   RW         4696    .data               cmsis_os2.o
    0x2000007c   0x08004234   0x00000020   Data   RW         5142    .data               heap_4.o
    0x2000009c   0x08004254   0x0000000c   Data   RW         5198    .data               port.o
    0x200000a8   0x08004260   0x00000011   Data   RW         5386    .data               can_receive.o
    0x200000b9   0x08004271   0x00000003   PAD
    0x200000bc   0x08004274   0x00000018   Data   RW         5543    .data               chasiss.o
    0x200000d4   0x0800428c   0x00000006   Data   RW         5575    .data               dbus_task.o
    0x200000da   0x08004292   0x00000002   PAD
    0x200000dc        -       0x00000050   Zero   RW          456    .bss                can.o
    0x2000012c        -       0x00000098   Zero   RW          505    .bss                usart.o
    0x200001c4        -       0x00000048   Zero   RW          658    .bss                stm32f4xx_hal_timebase_tim.o
    0x2000020c        -       0x00000040   Zero   RW         3715    .bss                queue.o
    0x2000024c        -       0x000004c4   Zero   RW         4139    .bss                tasks.o
    0x20000710        -       0x00000118   Zero   RW         4470    .bss                timers.o
    0x20000828        -       0x000006b8   Zero   RW         4695    .bss                cmsis_os2.o
    0x20000ee0        -       0x00003c00   Zero   RW         5141    .bss                heap_4.o
    0x20004ae0        -       0x00000078   Zero   RW         5385    .bss                can_receive.o
    0x20004b58        -       0x00000120   Zero   RW         5541    .bss                chasiss.o
    0x20004c78        -       0x00000400   Zero   RW            1    STACK               startup_stm32f427xx.o


==============================================================================

Image component sizes


      Code (inc. data)   RO Data    RW Data    ZI Data      Debug   Object Name

        88          8          0          0          0     614438   bsp_can.o
       380         40          0          4         80       2390   can.o
       184         26          0         17        120       2898   can_receive.o
       316         20         12         24        288       1301   chasiss.o
       326         22          0          4       1720      64767   cmsis_os2.o
       312         20          0          6          0       2259   dbus_task.o
         0          0          0          0          0      19372   event_groups.o
       124         30        244         20          0       8898   freertos.o
       196         12          0          0          0     752983   gpio.o
       472         24          0         32      15360       4759   heap_4.o
        32          6          0          0          0        457   led.o
       138          0          0          0          0       3442   list.o
       226         16          0          0          0     726004   main.o
       388          8          0          0          0       1806   pid.o
       786         82          0         12          0      11289   port.o
      1514         20          0          0         64      17148   queue.o
       290          0          0          0          0       1024   remote_control.o
        36          8        428          0       1024        816   startup_stm32f427xx.o
        80         14          0         12          0       8118   stm32f4xx_hal.o
      1658          6          0          0          0      13903   stm32f4xx_hal_can.o
       158         14          0          0          0      33070   stm32f4xx_hal_cortex.o
       182          0          0          0          0       2043   stm32f4xx_hal_dma.o
       590         54          0          0          0       2781   stm32f4xx_hal_gpio.o
        56          4          0          0          0        830   stm32f4xx_hal_msp.o
       112         14          0          0          0       1252   stm32f4xx_hal_pwr_ex.o
      1412         86          0          0          0       5773   stm32f4xx_hal_rcc.o
       786         72          0          0          0       7176   stm32f4xx_hal_tim.o
         4          0          0          0          0       1549   stm32f4xx_hal_tim_ex.o
       116         16          0          0         72       1367   stm32f4xx_hal_timebase_tim.o
      1370         16          0          0          0       8956   stm32f4xx_hal_uart.o
        60         24          0          0          0       4500   stm32f4xx_it.o
         0          0          0          0          0        400   stream_buffer.o
        16          4         24          4          0       1075   system_stm32f4xx.o
      2084        168          0         60       1220      26440   tasks.o
       972         80          0         20        280      31831   timers.o
       252         36          0          0        152       2295   usart.o

    ----------------------------------------------------------------------
     15762        950        740        220      20380    2389410   Object Totals
         0          0         32          0          0          0   (incl. Generated)
        46          0          0          5          0          0   (incl. Padding)

    ----------------------------------------------------------------------

      Code (inc. data)   RO Data    RW Data    ZI Data      Debug   Library Member Name

         0          0          0          0          0          0   entry.o
         0          0          0          0          0          0   entry10a.o
         0          0          0          0          0          0   entry11a.o
         4          0          0          0          0          0   entry12b.o
         8          4          0          0          0          0   entry2.o
         4          0          0          0          0          0   entry5.o
         0          0          0          0          0          0   entry7b.o
         0          0          0          0          0          0   entry8b.o
         8          4          0          0          0          0   entry9a.o
        30          0          0          0          0          0   handlers.o
        36          8          0          0          0         68   init.o
        30          0          0          0          0         68   llshl.o
        32          0          0          0          0         68   llushr.o
        36          0          0          0          0         68   memcpya.o
        36          0          0          0          0        108   memseta.o
        98          0          0          0          0         92   uldiv.o

    ----------------------------------------------------------------------
       322         16          0          0          0        472   Library Totals
         0          0          0          0          0          0   (incl. Padding)

    ----------------------------------------------------------------------

      Code (inc. data)   RO Data    RW Data    ZI Data      Debug   Library Name

       322         16          0          0          0        472   mc_w.l

    ----------------------------------------------------------------------
       322         16          0          0          0        472   Library Totals

    ----------------------------------------------------------------------

==============================================================================


      Code (inc. data)   RO Data    RW Data    ZI Data      Debug   

     16084        966        740        220      20380    2374030   Grand Totals
     16084        966        740        220      20380    2374030   ELF Image Totals
     16084        966        740        220          0          0   ROM Totals

==============================================================================

    Total RO  Size (Code + RO Data)                16824 (  16.43kB)
    Total RW  Size (RW Data + ZI Data)             20600 (  20.12kB)
    Total ROM Size (Code + RO Data + RW Data)      17044 (  16.64kB)

==============================================================================

